Component: ARM Compiler 5.06 update 5 (build 528) Tool: armlink [4d35e2]

==============================================================================

Section Cross References

    startup_stm32f405xx.o(STACK) refers (Special) to heapauxi.o(.text) for __use_two_region_memory
    startup_stm32f405xx.o(HEAP) refers (Special) to heapauxi.o(.text) for __use_two_region_memory
    startup_stm32f405xx.o(RESET) refers (Special) to heapauxi.o(.text) for __use_two_region_memory
    startup_stm32f405xx.o(RESET) refers to startup_stm32f405xx.o(STACK) for __initial_sp
    startup_stm32f405xx.o(RESET) refers to startup_stm32f405xx.o(.text) for Reset_Handler
    startup_stm32f405xx.o(RESET) refers to stm32f4xx_it.o(i.NMI_Handler) for NMI_Handler
    startup_stm32f405xx.o(RESET) refers to stm32f4xx_it.o(i.HardFault_Handler) for HardFault_Handler
    startup_stm32f405xx.o(RESET) refers to stm32f4xx_it.o(i.MemManage_Handler) for MemManage_Handler
    startup_stm32f405xx.o(RESET) refers to stm32f4xx_it.o(i.BusFault_Handler) for BusFault_Handler
    startup_stm32f405xx.o(RESET) refers to stm32f4xx_it.o(i.UsageFault_Handler) for UsageFault_Handler
    startup_stm32f405xx.o(RESET) refers to stm32f4xx_it.o(i.SVC_Handler) for SVC_Handler
    startup_stm32f405xx.o(RESET) refers to stm32f4xx_it.o(i.DebugMon_Handler) for DebugMon_Handler
    startup_stm32f405xx.o(RESET) refers to os_cpu_a.o(CODE) for OS_CPU_PendSVHandler
    startup_stm32f405xx.o(RESET) refers to os_cpu_c.o(i.OS_CPU_SysTickHandler) for OS_CPU_SysTickHandler
    startup_stm32f405xx.o(RESET) refers to stm32f4xx_it.o(i.DMA1_Stream0_IRQHandler) for DMA1_Stream0_IRQHandler
    startup_stm32f405xx.o(RESET) refers to stm32f4xx_it.o(i.USART1_IRQHandler) for USART1_IRQHandler
    startup_stm32f405xx.o(RESET) refers to stm32f4xx_it.o(i.DMA1_Stream7_IRQHandler) for DMA1_Stream7_IRQHandler
    startup_stm32f405xx.o(RESET) refers to stm32f4xx_it.o(i.UART5_IRQHandler) for UART5_IRQHandler
    startup_stm32f405xx.o(RESET) refers to stm32f4xx_it.o(i.DMA2_Stream2_IRQHandler) for DMA2_Stream2_IRQHandler
    startup_stm32f405xx.o(RESET) refers to stm32f4xx_it.o(i.DMA2_Stream7_IRQHandler) for DMA2_Stream7_IRQHandler
    startup_stm32f405xx.o(.text) refers (Special) to heapauxi.o(.text) for __use_two_region_memory
    startup_stm32f405xx.o(.text) refers to system_stm32f4xx.o(i.SystemInit) for SystemInit
    startup_stm32f405xx.o(.text) refers to __main.o(!!!main) for __main
    startup_stm32f405xx.o(.text) refers to startup_stm32f405xx.o(HEAP) for Heap_Mem
    startup_stm32f405xx.o(.text) refers to startup_stm32f405xx.o(STACK) for Stack_Mem
    main.o(i.HAL_UART_RxCpltCallback) refers to jy901.o(i.CopeSerial5Data) for CopeSerial5Data
    main.o(i.HAL_UART_RxCpltCallback) refers to rasp_command.o(i.CopeSerialData) for CopeSerialData
    main.o(i.HAL_UART_RxCpltCallback) refers to usart.o(.bss) for huart5
    main.o(i.HAL_UART_RxCpltCallback) refers to jy901.o(.data) for aRxBuffer2
    main.o(i.HAL_UART_RxCpltCallback) refers to rasp_command.o(.data) for aRxBuffer1
    main.o(i.SystemClock_Config) refers to rt_memclr_w.o(.text) for __aeabi_memclr4
    main.o(i.SystemClock_Config) refers to stm32f4xx_hal_rcc.o(i.HAL_RCC_OscConfig) for HAL_RCC_OscConfig
    main.o(i.SystemClock_Config) refers to stm32f4xx_hal_rcc.o(i.HAL_RCC_ClockConfig) for HAL_RCC_ClockConfig
    main.o(i.Water_Attitude_Control) refers to _printf_percent.o(.ARM.Collect$$_printf_percent$$00000000) for _printf_percent
    main.o(i.Water_Attitude_Control) refers to _printf_f.o(.ARM.Collect$$_printf_percent$$00000003) for _printf_f
    main.o(i.Water_Attitude_Control) refers to printf1.o(x$fpl$printf1) for _printf_fp_dec
    main.o(i.Water_Attitude_Control) refers to attitude_pid.o(i.attitudeAnglePID) for attitudeAnglePID
    main.o(i.Water_Attitude_Control) refers to attitude_pid.o(i.attitudeRatePID) for attitudeRatePID
    main.o(i.Water_Attitude_Control) refers to f2d.o(x$fpl$f2d) for __aeabi_f2d
    main.o(i.Water_Attitude_Control) refers to __2sprintf.o(.text) for __2sprintf
    main.o(i.Water_Attitude_Control) refers to stm32f4xx_hal_uart.o(i.HAL_UART_Transmit) for HAL_UART_Transmit
    main.o(i.Water_Attitude_Control) refers to attitude_pid.o(i.attitudeResetAllPID) for attitudeResetAllPID
    main.o(i.Water_Attitude_Control) refers to main.o(.bss) for .bss
    main.o(i.Water_Attitude_Control) refers to stabilizer.o(.bss) for control
    main.o(i.Water_Attitude_Control) refers to stabilizer.o(.bss) for state
    main.o(i.Water_Attitude_Control) refers to stabilizer.o(.bss) for setstate
    main.o(i.Water_Attitude_Control) refers to usart.o(.bss) for huart1
    main.o(i.communicate_task) refers to rasp_command.o(i.UART_ReadCOMMAND) for UART_ReadCOMMAND
    main.o(i.communicate_task) refers to os_time.o(i.OSTimeDly) for OSTimeDly
    main.o(i.communicate_task) refers to main.o(.bss) for .bss
    main.o(i.fputc) refers to stm32f4xx_hal_uart.o(i.HAL_UART_Transmit) for HAL_UART_Transmit
[...]
    _btod_etento                             0x08000a65   Thumb Code   224  bigflt0.o(.text)
    __user_libspace                          0x08000b49   Thumb Code     8  libspace.o(.text)
    __user_perproc_libspace                  0x08000b49   Thumb Code     0  libspace.o(.text)
    __user_perthread_libspace                0x08000b49   Thumb Code     0  libspace.o(.text)
    __user_setup_stackheap                   0x08000b51   Thumb Code    74  sys_stackheap_outer.o(.text)
    exit                                     0x08000b9b   Thumb Code    18  exit.o(.text)
    strcmp                                   0x08000bad   Thumb Code   128  strcmpv7m.o(.text)
    _sys_exit                                0x08000c2d   Thumb Code     8  sys_exit.o(.text)
    __I$use$semihosting                      0x08000c39   Thumb Code     0  use_no_semi.o(.text)
    __use_no_semihosting_swi                 0x08000c39   Thumb Code     2  use_no_semi.o(.text)
    __semihosting_library_function           0x08000c3b   Thumb Code     0  indicate_semi.o(.text)
    _btod_d2e                                0x08000c3b   Thumb Code    62  btod.o(CL$$btod_d2e)
    _d2e_denorm_low                          0x08000c79   Thumb Code    70  btod.o(CL$$btod_d2e_denorm_low)
    _d2e_norm_op1                            0x08000cbf   Thumb Code    96  btod.o(CL$$btod_d2e_norm_op1)
    __btod_div_common                        0x08000d1f   Thumb Code   696  btod.o(CL$$btod_div_common)
    _e2e                                     0x08001057   Thumb Code   220  btod.o(CL$$btod_e2e)
    _btod_ediv                               0x08001133   Thumb Code    42  btod.o(CL$$btod_ediv)
    _btod_emul                               0x0800115d   Thumb Code    42  btod.o(CL$$btod_emul)
    __btod_mult_common                       0x08001187   Thumb Code   580  btod.o(CL$$btod_mult_common)
    OS_CPU_FP_Reg_Push                       0x080013cd   Thumb Code     0  os_cpu_a.o(CODE)
    OS_CPU_FP_Reg_Pop                        0x080013e7   Thumb Code     0  os_cpu_a.o(CODE)
    OSStartHighRdy                           0x080013f9   Thumb Code     0  os_cpu_a.o(CODE)
    OSCtxSw                                  0x0800141b   Thumb Code     0  os_cpu_a.o(CODE)
    OSIntCtxSw                               0x08001425   Thumb Code     0  os_cpu_a.o(CODE)
    OS_CPU_PendSVHandler                     0x0800142f   Thumb Code     0  os_cpu_a.o(CODE)
    BSP_Init                                 0x08001491   Thumb Code     4  bsp.o(i.BSP_Init)
    BSP_Tick_Init                            0x08001495   Thumb Code    22  bsp.o(i.BSP_Tick_Init)
    BusFault_Handler                         0x080014b1   Thumb Code     2  stm32f4xx_it.o(i.BusFault_Handler)
    CPU_TS_TmrRd                             0x080014b5   Thumb Code     6  bsp.o(i.CPU_TS_TmrRd)
    CopeSerial5Data                          0x080014c1   Thumb Code   172  jy901.o(i.CopeSerial5Data)
    CopeSerialData                           0x08001575   Thumb Code    86  rasp_command.o(i.CopeSerialData)
    DMA1_Stream0_IRQHandler                  0x080015d5   Thumb Code     6  stm32f4xx_it.o(i.DMA1_Stream0_IRQHandler)
    DMA1_Stream7_IRQHandler                  0x080015e1   Thumb Code     6  stm32f4xx_it.o(i.DMA1_Stream7_IRQHandler)
    DMA2_Stream2_IRQHandler                  0x080015ed   Thumb Code     6  stm32f4xx_it.o(i.DMA2_Stream2_IRQHandler)
    DMA2_Stream7_IRQHandler                  0x080015f9   Thumb Code     6  stm32f4xx_it.o(i.DMA2_Stream7_IRQHandler)
    DebugMon_Handler                         0x080016a9   Thumb Code     2  stm32f4xx_it.o(i.DebugMon_Handler)
    Error_Handler                            0x080016ab   Thumb Code     4  main.o(i.Error_Handler)
    HAL_DMA_Abort                            0x080016af   Thumb Code   146  stm32f4xx_hal_dma.o(i.HAL_DMA_Abort)
    HAL_DMA_Abort_IT                         0x08001741   Thumb Code    36  stm32f4xx_hal_dma.o(i.HAL_DMA_Abort_IT)
    HAL_DMA_IRQHandler                       0x08001765   Thumb Code   412  stm32f4xx_hal_dma.o(i.HAL_DMA_IRQHandler)
    HAL_DMA_Init                             0x08001905   Thumb Code   206  stm32f4xx_hal_dma.o(i.HAL_DMA_Init)
    HAL_DMA_Start_IT                         0x080019d9   Thumb Code   110  stm32f4xx_hal_dma.o(i.HAL_DMA_Start_IT)
    HAL_GPIO_Init                            0x08001a49   Thumb Code   450  stm32f4xx_hal_gpio.o(i.HAL_GPIO_Init)
    HAL_GetTick                              0x08001c39   Thumb Code     6  stm32f4xx_hal.o(i.HAL_GetTick)
    HAL_Init                                 0x08001c45   Thumb Code    48  stm32f4xx_hal.o(i.HAL_Init)
    HAL_InitTick                             0x08001c79   Thumb Code    54  stm32f4xx_hal.o(i.HAL_InitTick)
    HAL_MspInit                              0x08001cb9   Thumb Code    42  stm32f4xx_hal_msp.o(i.HAL_MspInit)
    HAL_NVIC_EnableIRQ                       0x08001ce9   Thumb Code    26  stm32f4xx_hal_cortex.o(i.HAL_NVIC_EnableIRQ)
    HAL_NVIC_SetPriority                     0x08001d05   Thumb Code    60  stm32f4xx_hal_cortex.o(i.HAL_NVIC_SetPriority)
    HAL_NVIC_SetPriorityGrouping             0x08001d45   Thumb Code    26  stm32f4xx_hal_cortex.o(i.HAL_NVIC_SetPriorityGrouping)
    HAL_RCC_ClockConfig                      0x08001d69   Thumb Code   288  stm32f4xx_hal_rcc.o(i.HAL_RCC_ClockConfig)
    HAL_RCC_GetHCLKFreq                      0x08001e9d   Thumb Code     6  stm32f4xx_hal_rcc.o(i.HAL_RCC_GetHCLKFreq)
    HAL_RCC_GetPCLK1Freq                     0x08001ea9   Thumb Code    20  stm32f4xx_hal_rcc.o(i.HAL_RCC_GetPCLK1Freq)
    HAL_RCC_GetPCLK2Freq                     0x08001ec9   Thumb Code    20  stm32f4xx_hal_rcc.o(i.HAL_RCC_GetPCLK2Freq)
    HAL_RCC_GetSysClockFreq                  0x08001ee9   Thumb Code    88  stm32f4xx_hal_rcc.o(i.HAL_RCC_GetSysClockFreq)
    HAL_RCC_OscConfig                        0x08001f4d   Thumb Code   856  stm32f4xx_hal_rcc.o(i.HAL_RCC_OscConfig)
    HAL_SYSTICK_Config                       0x080022b9   Thumb Code    40  stm32f4xx_hal_cortex.o(i.HAL_SYSTICK_Config)
    HAL_TIMEx_ConfigBreakDeadTime            0x080022e1   Thumb Code    84  stm32f4xx_hal_tim_ex.o(i.HAL_TIMEx_ConfigBreakDeadTime)
    HAL_TIMEx_MasterConfigSynchronization    0x08002335   Thumb Code   116  stm32f4xx_hal_tim_ex.o(i.HAL_TIMEx_MasterConfigSynchronization)
    HAL_TIM_Base_Init                        0x080023c5   Thumb Code    90  stm32f4xx_hal_tim.o(i.HAL_TIM_Base_Init)
    HAL_TIM_Base_MspInit                     0x08002421   Thumb Code    64  tim.o(i.HAL_TIM_Base_MspInit)
    HAL_TIM_ConfigClockSource                0x0800246d   Thumb Code   220  stm32f4xx_hal_tim.o(i.HAL_TIM_ConfigClockSource)
    HAL_TIM_MspPostInit                      0x08002549   Thumb Code   172  tim.o(i.HAL_TIM_MspPostInit)
    HAL_TIM_PWM_ConfigChannel                0x08002609   Thumb Code   204  stm32f4xx_hal_tim.o(i.HAL_TIM_PWM_ConfigChannel)
    HAL_TIM_PWM_Init                         0x080026d5   Thumb Code    90  stm32f4xx_hal_tim.o(i.HAL_TIM_PWM_Init)
    HAL_TIM_PWM_MspInit                      0x0800272f   Thumb Code     2  stm32f4xx_hal_tim.o(i.HAL_TIM_PWM_MspInit)
    HAL_TIM_PWM_Start                        0x08002731   Thumb Code   172  stm32f4xx_hal_tim.o(i.HAL_TIM_PWM_Start)
    HAL_UARTEx_RxEventCallback               0x080027f9   Thumb Code     2  stm32f4xx_hal_uart.o(i.HAL_UARTEx_RxEventCallback)
    HAL_UART_ErrorCallback                   0x080027fb   Thumb Code     2  stm32f4xx_hal_uart.o(i.HAL_UART_ErrorCallback)
    HAL_UART_IRQHandler                      0x080027fd   Thumb Code   610  stm32f4xx_hal_uart.o(i.HAL_UART_IRQHandler)
    HAL_UART_Init                            0x08002a65   Thumb Code    98  stm32f4xx_hal_uart.o(i.HAL_UART_Init)
    HAL_UART_MspInit                         0x08002ac9   Thumb Code   432  usart.o(i.HAL_UART_MspInit)
    HAL_UART_Receive_DMA                     0x08002ca1   Thumb Code    42  stm32f4xx_hal_uart.o(i.HAL_UART_Receive_DMA)
    HAL_UART_RxCpltCallback                  0x08002ccd   Thumb Code    40  main.o(i.HAL_UART_RxCpltCallback)
    HAL_UART_RxHalfCpltCallback              0x08002d05   Thumb Code     2  stm32f4xx_hal_uart.o(i.HAL_UART_RxHalfCpltCallback)
    HAL_UART_Transmit                        0x08002d09   Thumb Code   178  stm32f4xx_hal_uart.o(i.HAL_UART_Transmit)
    HAL_UART_TxCpltCallback                  0x08002dbb   Thumb Code     2  stm32f4xx_hal_uart.o(i.HAL_UART_TxCpltCallback)
    HardFault_Handler                        0x08002dbd   Thumb Code     2  stm32f4xx_it.o(i.HardFault_Handler)
    MX_DMA_Init                              0x08002dc1   Thumb Code   104  dma.o(i.MX_DMA_Init)
    MX_GPIO_Init                             0x08002e2d   Thumb Code    70  gpio.o(i.MX_GPIO_Init)
    MX_TIM1_Init                             0x08002e79   Thumb Code   240  tim.o(i.MX_TIM1_Init)
    MX_TIM2_Init                             0x08002f71   Thumb Code   194  tim.o(i.MX_TIM2_Init)
    MX_TIM3_Init                             0x08003039   Thumb Code   192  tim.o(i.MX_TIM3_Init)
    MX_UART5_Init                            0x08003101   Thumb Code    48  usart.o(i.MX_UART5_Init)
    MX_USART1_UART_Init                      0x08003139   Thumb Code    48  usart.o(i.MX_USART1_UART_Init)
    MemManage_Handler                        0x08003171   Thumb Code     2  stm32f4xx_it.o(i.MemManage_Handler)
    NMI_Handler                              0x08003173   Thumb Code     2  stm32f4xx_it.o(i.NMI_Handler)
    OSCfg_Init                               0x08003175   Thumb Code     2  os_cfg_app.o(i.OSCfg_Init)
    OSIdleTaskHook                           0x08003179   Thumb Code    12  os_cpu_c.o(i.OSIdleTaskHook)
    OSInit                                   0x08003189   Thumb Code   260  os_core.o(i.OSInit)
    OSInitHook                               0x080032e1   Thumb Code    22  os_cpu_c.o(i.OSInitHook)
    OSIntExit                                0x08003305   Thumb Code   100  os_core.o(i.OSIntExit)
    OSMutexCreate                            0x08003389   Thumb Code    94  os_mutex.o(i.OSMutexCreate)
    OSMutexPend                              0x080033f5   Thumb Code   398  os_mutex.o(i.OSMutexPend)
    OSMutexPost                              0x08003595   Thumb Code   276  os_mutex.o(i.OSMutexPost)
    OSSched                                  0x080036b9   Thumb Code    86  os_core.o(i.OSSched)
    OSSchedLock                              0x0800372d   Thumb Code    72  os_core.o(i.OSSchedLock)
    OSSchedUnlock                            0x08003781   Thumb Code    92  os_core.o(i.OSSchedUnlock)
    OSStart                                  0x080037e9   Thumb Code    62  os_core.o(i.OSStart)
    OSStatReset                              0x08003841   Thumb Code   146  os_stat.o(i.OSStatReset)
    OSStatTaskCPUUsageInit                   0x080038f5   Thumb Code   126  os_stat.o(i.OSStatTaskCPUUsageInit)
    OSStatTaskHook                           0x08003991   Thumb Code    12  os_cpu_c.o(i.OSStatTaskHook)
    OSTaskCreate                             0x080039a1   Thumb Code   314  os_task.o(i.OSTaskCreate)
    OSTaskCreateHook                         0x08003af1   Thumb Code    12  os_cpu_c.o(i.OSTaskCreateHook)
    OSTaskDel                                0x08003b01   Thumb Code   188  os_task.o(i.OSTaskDel)
    OSTaskDelHook                            0x08003bcd   Thumb Code    12  os_cpu_c.o(i.OSTaskDelHook)
    OSTaskResume                             0x08003bdd   Thumb Code    62  os_task.o(i.OSTaskResume)
    OSTaskReturnHook                         0x08003c25   Thumb Code    12  os_cpu_c.o(i.OSTaskReturnHook)
    OSTaskSemPend                            0x08003c35   Thumb Code   276  os_task.o(i.OSTaskSemPend)
    OSTaskSemPost                            0x08003d55   Thumb Code    46  os_task.o(i.OSTaskSemPost)
    OSTaskStkChk                             0x08003d85   Thumb Code   138  os_task.o(i.OSTaskStkChk)
    OSTaskStkInit                            0x08003e19   Thumb Code   318  os_cpu_c.o(i.OSTaskStkInit)
    OSTaskSuspend                            0x08003fc1   Thumb Code    30  os_task.o(i.OSTaskSuspend)
    OSTaskSwHook                             0x08003fe9   Thumb Code   104  os_cpu_c.o(i.OSTaskSwHook)
    OSTimeDly                                0x08004061   Thumb Code   122  os_time.o(i.OSTimeDly)
    OSTimeTick                               0x080040e9   Thumb Code    44  os_time.o(i.OSTimeTick)
    OSTimeTickHook                           0x08004125   Thumb Code    12  os_cpu_c.o(i.OSTimeTickHook)
    OS_CPU_SysTickHandler                    0x08004135   Thumb Code    30  os_cpu_c.o(i.OS_CPU_SysTickHandler)
    OS_CPU_SysTickInit                       0x08004159   Thumb Code    36  os_cpu_c.o(i.OS_CPU_SysTickInit)
    OS_Dbg_Init                              0x08004181   Thumb Code     2  os_dbg.o(i.OS_Dbg_Init)
    OS_FlagInit                              0x08004185   Thumb Code    14  os_flag.o(i.OS_FlagInit)
    OS_IdleTask                              0x0800419d   Thumb Code    30  os_core.o(i.OS_IdleTask)
    OS_IdleTaskInit                          0x080041c5   Thumb Code    60  os_core.o(i.OS_IdleTaskInit)
    OS_MemInit                               0x0800422d   Thumb Code    14  os_mem.o(i.OS_MemInit)
    OS_MsgPoolInit                           0x08004245   Thumb Code    92  os_msg.o(i.OS_MsgPoolInit)
    OS_MsgQFreeAll                           0x080042ad   Thumb Code    48  os_msg.o(i.OS_MsgQFreeAll)
    OS_MsgQInit                              0x080042e1   Thumb Code    14  os_msg.o(i.OS_MsgQInit)
    OS_MutexDbgListAdd                       0x080042f1   Thumb Code    26  os_mutex.o(i.OS_MutexDbgListAdd)
    OS_MutexInit                             0x08004315   Thumb Code    14  os_mutex.o(i.OS_MutexInit)
    OS_Pend                                  0x0800432d   Thumb Code    74  os_core.o(i.OS_Pend)
    OS_PendDataInit                          0x0800437d   Thumb Code    48  os_core.o(i.OS_PendDataInit)
    OS_PendDbgNameAdd                        0x080043ad   Thumb Code    46  os_core.o(i.OS_PendDbgNameAdd)
    OS_PendDbgNameRemove                     0x080043f5   Thumb Code    22  os_core.o(i.OS_PendDbgNameRemove)
    OS_PendListChangePrio                    0x08004411   Thumb Code    50  os_core.o(i.OS_PendListChangePrio)
    OS_PendListInit                          0x08004443   Thumb Code    10  os_core.o(i.OS_PendListInit)
    OS_PendListInsertPrio                    0x0800444d   Thumb Code    90  os_core.o(i.OS_PendListInsertPrio)
    OS_PendListRemove                        0x080044a7   Thumb Code    38  os_core.o(i.OS_PendListRemove)
    OS_PendListRemove1                       0x080044cd   Thumb Code    54  os_core.o(i.OS_PendListRemove1)
    OS_Post                                  0x08004503   Thumb Code   178  os_core.o(i.OS_Post)
    OS_Post1                                 0x080045b5   Thumb Code    38  os_core.o(i.OS_Post1)
    OS_PrioGetHighest                        0x080045dd   Thumb Code    32  os_prio.o(i.OS_PrioGetHighest)
    OS_PrioInit                              0x08004601   Thumb Code    20  os_prio.o(i.OS_PrioInit)
    OS_PrioInsert                            0x08004619   Thumb Code    28  os_prio.o(i.OS_PrioInsert)
    OS_PrioRemove                            0x08004639   Thumb Code    28  os_prio.o(i.OS_PrioRemove)
    OS_QInit                                 0x08004659   Thumb Code    14  os_q.o(i.OS_QInit)
    OS_RdyListInit                           0x08004671   Thumb Code    32  os_core.o(i.OS_RdyListInit)
    OS_RdyListInsert                         0x08004695   Thumb Code    42  os_core.o(i.OS_RdyListInsert)
    OS_RdyListInsertHead                     0x080046c5   Thumb Code    52  os_core.o(i.OS_RdyListInsertHead)
    OS_RdyListInsertTail                     0x080046fd   Thumb Code    48  os_core.o(i.OS_RdyListInsertTail)
    OS_RdyListRemove                         0x08004731   Thumb Code    78  os_core.o(i.OS_RdyListRemove)
    OS_SchedLockTimeMeasStart                0x08004785   Thumb Code    20  os_core.o(i.OS_SchedLockTimeMeasStart)
    OS_SchedLockTimeMeasStop                 0x080047a1   Thumb Code    42  os_core.o(i.OS_SchedLockTimeMeasStop)
    OS_SemInit                               0x080047dd   Thumb Code    14  os_sem.o(i.OS_SemInit)
    OS_StatTask                              0x080047f5   Thumb Code   442  os_stat.o(i.OS_StatTask)
    OS_StatTaskInit                          0x080049ed   Thumb Code   118  os_stat.o(i.OS_StatTaskInit)
    OS_TaskBlock                             0x08004aa9   Thumb Code    36  os_core.o(i.OS_TaskBlock)
    OS_TaskDbgListAdd                        0x08004ad1   Thumb Code    30  os_task.o(i.OS_TaskDbgListAdd)
    OS_TaskDbgListRemove                     0x08004af5   Thumb Code    50  os_task.o(i.OS_TaskDbgListRemove)
    OS_TaskInit                              0x08004b2d   Thumb Code    18  os_task.o(i.OS_TaskInit)
    OS_TaskInitTCB                           0x08004b4d   Thumb Code   156  os_task.o(i.OS_TaskInitTCB)
    OS_TaskResume                            0x08004bf5   Thumb Code   168  os_task.o(i.OS_TaskResume)
    OS_TaskReturn                            0x08004c9d   Thumb Code    20  os_task.o(i.OS_TaskReturn)
    OS_TaskSemPost                           0x08004cb5   Thumb Code   148  os_task.o(i.OS_TaskSemPost)
    OS_TaskSuspend                           0x08004d4d   Thumb Code   144  os_task.o(i.OS_TaskSuspend)
    OS_TickListInsert                        0x08004de5   Thumb Code    94  os_tick.o(i.OS_TickListInsert)
    OS_TickListInsertDly                     0x08004e45   Thumb Code   110  os_tick.o(i.OS_TickListInsertDly)
    OS_TickListRemove                        0x08004ec1   Thumb Code    64  os_tick.o(i.OS_TickListRemove)
    OS_TickListResetPeak                     0x08004f01   Thumb Code     2  os_tick.o(i.OS_TickListResetPeak)
    OS_TickTask                              0x08005031   Thumb Code    70  os_tick.o(i.OS_TickTask)
    OS_TickTaskInit                          0x08005085   Thumb Code   118  os_tick.o(i.OS_TickTaskInit)
    OS_TmrInit                               0x08005139   Thumb Code   170  os_tmr.o(i.OS_TmrInit)
    OS_TmrResetPeak                          0x08005269   Thumb Code     2  os_tmr.o(i.OS_TmrResetPeak)
    OS_TmrTask                               0x0800526d   Thumb Code   138  os_tmr.o(i.OS_TmrTask)
    OS_TmrUnlink                             0x08005305   Thumb Code    50  os_tmr.o(i.OS_TmrUnlink)
    PWM_init                                 0x08005355   Thumb Code   102  motortest.o(i.PWM_init)
    STMFLASH_Read                            0x080053c9   Thumb Code    20  stmflash.o(i.STMFLASH_Read)
    SVC_Handler                              0x080053dd   Thumb Code     2  stm32f4xx_it.o(i.SVC_Handler)
    SystemClock_Config                       0x080053e1   Thumb Code   140  main.o(i.SystemClock_Config)
    SystemInit                               0x08005475   Thumb Code    12  system_stm32f4xx.o(i.SystemInit)
    TIM_Base_SetConfig                       0x08005485   Thumb Code   156  stm32f4xx_hal_tim.o(i.TIM_Base_SetConfig)
    TIM_CCxChannelCmd                        0x0800554d   Thumb Code    26  stm32f4xx_hal_tim.o(i.TIM_CCxChannelCmd)
    TIM_ETR_SetConfig                        0x08005567   Thumb Code    20  stm32f4xx_hal_tim.o(i.TIM_ETR_SetConfig)
    TIM_OC2_SetConfig                        0x080055ed   Thumb Code    98  stm32f4xx_hal_tim.o(i.TIM_OC2_SetConfig)
    UART5_IRQHandler                         0x08005759   Thumb Code     6  stm32f4xx_it.o(i.UART5_IRQHandler)
    UART_ReadCOMMAND                         0x080058c5   Thumb Code   166  rasp_command.o(i.UART_ReadCOMMAND)
    UART_ReadIMU                             0x08005971   Thumb Code   298  jy901.o(i.UART_ReadIMU)
    UART_Start_Receive_DMA                   0x08005c79   Thumb Code   134  stm32f4xx_hal_uart.o(i.UART_Start_Receive_DMA)
    USART1_IRQHandler                        0x08005d85   Thumb Code     6  stm32f4xx_it.o(i.USART1_IRQHandler)
    UsageFault_Handler                       0x08005d91   Thumb Code     2  stm32f4xx_it.o(i.UsageFault_Handler)
    Water_Attitude_Control                   0x08005d95   Thumb Code   388  main.o(i.Water_Attitude_Control)
    __ARM_fpclassify                         0x08005f6d   Thumb Code    48  fpclassify.o(i.__ARM_fpclassify)
    abs_outlimit                             0x08005fbd   Thumb Code    42  pid.o(i.abs_outlimit)
    attitudeAnglePID                         0x08005fe9   Thumb Code   114  attitude_pid.o(i.attitudeAnglePID)
    attitudeControlInit                      0x0800606d   Thumb Code   302  attitude_pid.o(i.attitudeControlInit)
    attitudeRatePID                          0x080061b9   Thumb Code   116  attitude_pid.o(i.attitudeRatePID)
    attitudeResetAllPID                      0x08006231   Thumb Code    50  attitude_pid.o(i.attitudeResetAllPID)
    communicate_task                         0x0800626d   Thumb Code    32  main.o(i.communicate_task)
    limitPWM                                 0x08006291   Thumb Code    22  pwm_control.o(i.limitPWM)
    limitThrust                              0x080062a9   Thumb Code    32  pwm_control.o(i.limitThrust)
    main                                     0x080062d9   Thumb Code   112  main.o(i.main)
    pidInit                                  0x0800635d   Thumb Code    68  pid.o(i.pidInit)
    pidReset                                 0x080063e1   Thumb Code    22  pid.o(i.pidReset)
    pidSetIntegralLimit                      0x080063fd   Thumb Code     6  pid.o(i.pidSetIntegralLimit)
    pidSetOutLimit                           0x08006403   Thumb Code     6  pid.o(i.pidSetOutLimit)
    pidUpdate                                0x08006409   Thumb Code   136  pid.o(i.pidUpdate)
    pwmControl                               0x08006491   Thumb Code   284  pwm_control.o(i.pwmControl)
    sensorReadAngle                          0x080065c5   Thumb Code   322  jy901.o(i.sensorReadAngle)
    sensor_task                              0x08006711   Thumb Code   140  main.o(i.sensor_task)
    setMotorPWM                              0x080067b5   Thumb Code    90  pwm_control.o(i.setMotorPWM)
    set_motorspeed                           0x08006811   Thumb Code   232  motortest.o(i.set_motorspeed)
    stabilization_task                       0x08006905   Thumb Code    40  main.o(i.stabilization_task)
    start_task                               0x08006939   Thumb Code   190  main.o(i.start_task)
    thrust2pwmRange                          0x08006a4d   Thumb Code    40  pwm_control.o(i.thrust2pwmRange)
    _get_lc_numeric                          0x08006a7d   Thumb Code    44  lc_numeric_c.o(locale$$code)
    __fpl_dretinf                            0x08006aa9   Thumb Code    12  dretinf.o(x$fpl$dretinf)
    __aeabi_f2d                              0x08006ab5   Thumb Code     0  f2d.o(x$fpl$f2d)
    _f2d                                     0x08006ab5   Thumb Code    86  f2d.o(x$fpl$f2d)
    __fpl_fnaninf                            0x08006b0b   Thumb Code   140  fnaninf.o(x$fpl$fnaninf)
    _fp_init                                 0x08006b97   Thumb Code    10  fpinit.o(x$fpl$fpinit)
    __fplib_config_fpu_vfp                   0x08006b9f   Thumb Code     0  fpinit.o(x$fpl$fpinit)
    __fplib_config_pureend_doubles           0x08006b9f   Thumb Code     0  fpinit.o(x$fpl$fpinit)
    _printf_fp_dec                           0x08006ba1   Thumb Code     4  printf1.o(x$fpl$printf1)
    __I$use$fp                               0x08006ba4   Number         0  usenofp.o(x$fpl$usenofp)
    AHBPrescTable                            0x08006bac   Data          16  system_stm32f4xx.o(.constdata)
    APBPrescTable                            0x08006bbc   Data           8  system_stm32f4xx.o(.constdata)
    OSCfg_IdleTaskStkBasePtr                 0x08006bc4   Data           4  os_cfg_app.o(.constdata)
    OSCfg_IdleTaskStkLimit                   0x08006bc8   Data           4  os_cfg_app.o(.constdata)
    OSCfg_IdleTaskStkSize                    0x08006bcc   Data           4  os_cfg_app.o(.constdata)
    OSCfg_ISRStkBasePtr                      0x08006bd0   Data           4  os_cfg_app.o(.constdata)
    OSCfg_ISRStkSize                         0x08006bd4   Data           4  os_cfg_app.o(.constdata)
    OSCfg_MsgPoolSize                        0x08006bd8   Data           2  os_cfg_app.o(.constdata)
    OSCfg_MsgPoolBasePtr                     0x08006bdc   Data           4  os_cfg_app.o(.constdata)
    OSCfg_StatTaskPrio                       0x08006be0   Data           1  os_cfg_app.o(.constdata)
    OSCfg_StatTaskRate_Hz                    0x08006be4   Data           4  os_cfg_app.o(.constdata)
    OSCfg_StatTaskStkBasePtr                 0x08006be8   Data           4  os_cfg_app.o(.constdata)
    OSCfg_StatTaskStkLimit                   0x08006bec   Data           4  os_cfg_app.o(.constdata)
    OSCfg_StatTaskStkSize                    0x08006bf0   Data           4  os_cfg_app.o(.constdata)
    OSCfg_StkSizeMin                         0x08006bf4   Data           4  os_cfg_app.o(.constdata)
    OSCfg_TickRate_Hz                        0x08006bf8   Data           4  os_cfg_app.o(.constdata)
    OSCfg_TickTaskPrio                       0x08006bfc   Data           1  os_cfg_app.o(.constdata)
    OSCfg_TickTaskStkBasePtr                 0x08006c00   Data           4  os_cfg_app.o(.constdata)
    OSCfg_TickTaskStkLimit                   0x08006c04   Data           4  os_cfg_app.o(.constdata)
    OSCfg_TickTaskStkSize                    0x08006c08   Data           4  os_cfg_app.o(.constdata)
    OSCfg_TmrTaskPrio                        0x08006c0c   Data           1  os_cfg_app.o(.constdata)
    OSCfg_TmrTaskRate_Hz                     0x08006c10   Data           4  os_cfg_app.o(.constdata)
    OSCfg_TmrTaskStkBasePtr                  0x08006c14   Data           4  os_cfg_app.o(.constdata)
    OSCfg_TmrTaskStkLimit                    0x08006c18   Data           4  os_cfg_app.o(.constdata)
    OSCfg_TmrTaskStkSize                     0x08006c1c   Data           4  os_cfg_app.o(.constdata)
    Region$$Table$$Base                      0x08006cb4   Number         0  anon$$obj.o(Region$$Table)
    Region$$Table$$Limit                     0x08006cd4   Number         0  anon$$obj.o(Region$$Table)
    uwTickFreq                               0x20000000   Data           1  stm32f4xx_hal.o(.data)
    uwTickPrio                               0x20000004   Data           4  stm32f4xx_hal.o(.data)
    uwTick                                   0x20000008   Data           4  stm32f4xx_hal.o(.data)
    SystemCoreClock                          0x2000000c   Data           4  system_stm32f4xx.o(.data)
    OSPrioTbl                                0x20000010   Data           8  os_prio.o(.data)
    OS_AppTaskCreateHookPtr                  0x20000018   Data           4  os_var.o(.data)
    OS_AppTaskDelHookPtr                     0x2000001c   Data           4  os_var.o(.data)
    OS_AppTaskReturnHookPtr                  0x20000020   Data           4  os_var.o(.data)
    OS_AppIdleTaskHookPtr                    0x20000024   Data           4  os_var.o(.data)
    OS_AppStatTaskHookPtr                    0x20000028   Data           4  os_var.o(.data)
    OS_AppTaskSwHookPtr                      0x2000002c   Data           4  os_var.o(.data)
    OS_AppTimeTickHookPtr                    0x20000030   Data           4  os_var.o(.data)
    OSIdleTaskCtr                            0x20000034   Data           4  os_var.o(.data)
    OSIntNestingCtr                          0x20000038   Data           1  os_var.o(.data)
    OSRunning                                0x20000039   Data           1  os_var.o(.data)
    OSFlagDbgListPtr                         0x2000003c   Data           4  os_var.o(.data)
    OSFlagQty                                0x20000040   Data           2  os_var.o(.data)
    OSMemDbgListPtr                          0x20000044   Data           4  os_var.o(.data)
    OSMemQty                                 0x20000048   Data           2  os_var.o(.data)
    OSMutexDbgListPtr                        0x2000004c   Data           4  os_var.o(.data)
    OSMutexQty                               0x20000050   Data           2  os_var.o(.data)
    OSPrioCur                                0x20000052   Data           1  os_var.o(.data)
    OSPrioHighRdy                            0x20000053   Data           1  os_var.o(.data)
    OSPrioSaved                              0x20000054   Data           1  os_var.o(.data)
    OSQDbgListPtr                            0x20000058   Data           4  os_var.o(.data)
    OSQQty                                   0x2000005c   Data           2  os_var.o(.data)
    OSSchedLockTimeBegin                     0x20000060   Data           4  os_var.o(.data)
    OSSchedLockTimeMax                       0x20000064   Data           4  os_var.o(.data)
    OSSchedLockTimeMaxCur                    0x20000068   Data           4  os_var.o(.data)
    OSSchedLockNestingCtr                    0x2000006c   Data           1  os_var.o(.data)
    OSSemDbgListPtr                          0x20000070   Data           4  os_var.o(.data)
    OSSemQty                                 0x20000074   Data           2  os_var.o(.data)
    OSStatResetFlag                          0x20000076   Data           1  os_var.o(.data)
    OSStatTaskCPUUsage                       0x20000078   Data           2  os_var.o(.data)
    OSStatTaskCPUUsageMax                    0x2000007a   Data           2  os_var.o(.data)
    OSStatTaskCtr                            0x2000007c   Data           4  os_var.o(.data)
    OSStatTaskCtrMax                         0x20000080   Data           4  os_var.o(.data)
    OSStatTaskCtrRun                         0x20000084   Data           4  os_var.o(.data)
    OSStatTaskRdy                            0x20000088   Data           1  os_var.o(.data)
    OSStatTaskTimeMax                        0x2000008c   Data           4  os_var.o(.data)
    OSTaskCtxSwCtr                           0x20000090   Data           4  os_var.o(.data)
    OSTaskDbgListPtr                         0x20000094   Data           4  os_var.o(.data)
    OSTaskQty                                0x20000098   Data           2  os_var.o(.data)
    OSTaskRegNextAvailID                     0x2000009a   Data           1  os_var.o(.data)
    OSTickCtr                                0x2000009c   Data           4  os_var.o(.data)
    OSTickTaskTimeMax                        0x200000a0   Data           4  os_var.o(.data)
    OSTickListDly                            0x200000a4   Data           8  os_var.o(.data)
    OSTickListTimeout                        0x200000ac   Data           8  os_var.o(.data)
    OSTmrDbgListPtr                          0x200000b4   Data           4  os_var.o(.data)
    OSTmrListEntries                         0x200000b8   Data           2  os_var.o(.data)
    OSTmrListPtr                             0x200000bc   Data           4  os_var.o(.data)
    OSTmrTaskTimeMax                         0x200000c0   Data           4  os_var.o(.data)
    OSTmrTickCtr                             0x200000c4   Data           4  os_var.o(.data)
    OSTmrUpdateCnt                           0x200000c8   Data           4  os_var.o(.data)
    OSTmrUpdateCtr                           0x200000cc   Data           4  os_var.o(.data)
    OSTCBCurPtr                              0x200000d0   Data           4  os_var.o(.data)
    OSTCBHighRdyPtr                          0x200000d4   Data           4  os_var.o(.data)
    OS_CPU_ExceptStkBase                     0x200000d8   Data           4  os_cpu_c.o(.data)
    sumYaw                                   0x200000e0   Data           4  jy901.o(.data)
    sumRoll                                  0x200000e4   Data           4  jy901.o(.data)
    sumPitch                                 0x200000e8   Data           4  jy901.o(.data)
    sumYawRate                               0x200000ec   Data           4  jy901.o(.data)
    sumRollRate                              0x200000f0   Data           4  jy901.o(.data)
    sumPitchRate                             0x200000f4   Data           4  jy901.o(.data)
    stcTime                                  0x200000f8   Data           8  jy901.o(.data)
    stcAcc                                   0x20000100   Data           8  jy901.o(.data)
    stcGyro                                  0x20000108   Data           8  jy901.o(.data)
    stcAngle                                 0x20000110   Data           8  jy901.o(.data)
    stcMag                                   0x20000118   Data           8  jy901.o(.data)
    stcDStatus                               0x20000120   Data           8  jy901.o(.data)
    stcPress                                 0x20000128   Data           8  jy901.o(.data)
    stcLonLat                                0x20000130   Data           8  jy901.o(.data)
    stcGPSV                                  0x20000138   Data           8  jy901.o(.data)
    stcQ                                     0x20000140   Data           8  jy901.o(.data)
    aRxBuffer2                               0x20000148   Data           1  jy901.o(.data)
    DEFAULT_PID_INTEGRATION_LIMIT            0x20000149   Data           1  pid.o(.data)
    configParamDefault                       0x2000014c   Data         116  pid.o(.data)
    stc_command_angle                        0x200001c2   Data           6  rasp_command.o(.data)
    stc_command_motion                       0x200001c8   Data           6  rasp_command.o(.data)
    stc_rasp_command                         0x200001ce   Data           6  rasp_command.o(.data)
    aRxBuffer1                               0x200001d4   Data           1  rasp_command.o(.data)
    StartTaskTCB                             0x200001d8   Data         184  main.o(.bss)
    START_TASK_STK                           0x20000290   Data         512  main.o(.bss)
    ubuf                                     0x20000490   Data         128  main.o(.bss)
    order                                    0x20000510   Data          40  main.o(.bss)
    CommunicateTaskTCB                       0x20000538   Data         184  main.o(.bss)
    COMMUNICATE_TASK_STK                     0x200005f0   Data        2048  main.o(.bss)
    SensorTaskTCB                            0x20000df0   Data         184  main.o(.bss)
    SENSOR_TASK_STK                          0x20000ea8   Data        2048  main.o(.bss)
    StabilizationTaskTCB                     0x200016a8   Data         184  main.o(.bss)
    STABILIZATION_TASK_STK                   0x20001760   Data        8192  main.o(.bss)
    htim1                                    0x20003760   Data          72  tim.o(.bss)
    htim2                                    0x200037a8   Data          72  tim.o(.bss)
    htim3                                    0x200037f0   Data          72  tim.o(.bss)
    huart5                                   0x20003838   Data          68  usart.o(.bss)
    huart1                                   0x2000387c   Data          68  usart.o(.bss)
    hdma_uart5_rx                            0x200038c0   Data          96  usart.o(.bss)
    hdma_uart5_tx                            0x20003920   Data          96  usart.o(.bss)
    hdma_usart1_rx                           0x20003980   Data          96  usart.o(.bss)
    hdma_usart1_tx                           0x200039e0   Data          96  usart.o(.bss)
    OSCfg_IdleTaskStk                        0x20003a40   Data         512  os_cfg_app.o(.bss)
    OSCfg_ISRStk                             0x20003c40   Data         512  os_cfg_app.o(.bss)
    OSCfg_MsgPool                            0x20003e40   Data        1600  os_cfg_app.o(.bss)
    OSCfg_StatTaskStk                        0x20004480   Data         512  os_cfg_app.o(.bss)
    OSCfg_TickTaskStk                        0x20004680   Data         512  os_cfg_app.o(.bss)
    OSCfg_TmrTaskStk                         0x20004880   Data         512  os_cfg_app.o(.bss)
    OSIdleTaskTCB                            0x20004a80   Data         184  os_var.o(.bss)
    OSMsgPool                                0x20004b38   Data          12  os_var.o(.bss)
    OSRdyList                                0x20004b44   Data         768  os_var.o(.bss)
    OSStatTaskTCB                            0x20004e44   Data         184  os_var.o(.bss)
    OSTickTaskTCB                            0x20004efc   Data         184  os_var.o(.bss)
    OSTmrMutex                               0x20004fb4   Data          44  os_var.o(.bss)
    OSTmrTaskTCB                             0x20004fe0   Data         184  os_var.o(.bss)
    pidAngleRoll                             0x20005098   Data          60  attitude_pid.o(.bss)
    pidAnglePitch                            0x200050d4   Data          60  attitude_pid.o(.bss)
    pidAngleYaw                              0x20005110   Data          60  attitude_pid.o(.bss)
    pidRateRoll                              0x2000514c   Data          60  attitude_pid.o(.bss)
    pidRatePitch                             0x20005188   Data          60  attitude_pid.o(.bss)
    pidRateYaw                               0x200051c4   Data          60  attitude_pid.o(.bss)
    filterAngleYaw                           0x200052fc   Data          40  jy901.o(.bss)
    filterAngleRoll                          0x20005324   Data          40  jy901.o(.bss)
    filterAnglePitch                         0x2000534c   Data          40  jy901.o(.bss)
    filterAngleYawRate                       0x20005374   Data          40  jy901.o(.bss)
    filterAngleRollRate                      0x2000539c   Data          40  jy901.o(.bss)
    filterAnglePitchRate                     0x200053c4   Data          40  jy901.o(.bss)
    configParam                              0x200053ec   Data         116  pid.o(.bss)
    control                                  0x2000555c   Data          36  stabilizer.o(.bss)
    setstate                                 0x20005580   Data          60  stabilizer.o(.bss)
    state                                    0x200055bc   Data          68  stabilizer.o(.bss)
    __libspace_start                         0x20005600   Data          96  libspace.o(.bss)
    __temporary_stack_top$libspace           0x20005660   Data           0  libspace.o(.bss)



==============================================================================

Memory Map of the image

  Image Entry point : 0x08000189

  Load Region LR_IROM1 (Base: 0x08000000, Size: 0x00006ec8, Max: 0x00100000, ABSOLUTE, COMPRESSED[0x00006d10])

    Execution Region ER_IROM1 (Exec base: 0x08000000, Load base: 0x08000000, Size: 0x00006cf0, Max: 0x00100000, ABSOLUTE)

    Exec Addr    Load Addr    Size         Type   Attr      Idx    E Section Name        Object

    0x08000000   0x08000000   0x00000188   Data   RO            3    RESET               startup_stm32f405xx.o
    0x08000188   0x08000188   0x00000008   Code   RO         5651  * !!!main             c_w.l(__main.o)
    0x08000190   0x08000190   0x00000034   Code   RO         5881    !!!scatter          c_w.l(__scatter.o)
    0x080001c4   0x080001c4   0x0000005a   Code   RO         5879    !!dczerorl2         c_w.l(__dczerorl2.o)
    0x0800021e   0x0800021e   0x00000002   PAD
    0x08000220   0x08000220   0x0000001c   Code   RO         5883    !!handler_zi        c_w.l(__scatter_zi.o)
    0x0800023c   0x0800023c   0x00000000   Code   RO         5646    .ARM.Collect$$_printf_percent$$00000000  c_w.l(_printf_percent.o)
    0x0800023c   0x0800023c   0x00000006   Code   RO         5645    .ARM.Collect$$_printf_percent$$00000003  c_w.l(_printf_f.o)
    0x08000242   0x08000242   0x00000004   Code   RO         5668    .ARM.Collect$$_printf_percent$$00000017  c_w.l(_printf_percent_end.o)
    0x08000246   0x08000246   0x00000002   Code   RO         5752    .ARM.Collect$$libinit$$00000000  c_w.l(libinit.o)
    0x08000248   0x08000248   0x00000004   Code   RO         5753    .ARM.Collect$$libinit$$00000001  c_w.l(libinit2.o)
    0x0800024c   0x0800024c   0x00000000   Code   RO         5756    .ARM.Collect$$libinit$$00000004  c_w.l(libinit2.o)
    0x0800024c   0x0800024c   0x00000000   Code   RO         5759    .ARM.Collect$$libinit$$0000000A  c_w.l(libinit2.o)
    0x0800024c   0x0800024c   0x00000000   Code   RO         5761    .ARM.Collect$$libinit$$0000000C  c_w.l(libinit2.o)
    0x0800024c   0x0800024c   0x00000000   Code   RO         5763    .ARM.Collect$$libinit$$0000000E  c_w.l(libinit2.o)
    0x0800024c   0x0800024c   0x00000006   Code   RO         5764    .ARM.Collect$$libinit$$0000000F  c_w.l(libinit2.o)
    0x08000252   0x08000252   0x00000000   Code   RO         5766    .ARM.Collect$$libinit$$00000011  c_w.l(libinit2.o)
    0x08000252   0x08000252   0x00000000   Code   RO         5768    .ARM.Collect$$libinit$$00000013  c_w.l(libinit2.o)
    0x08000252   0x08000252   0x00000000   Code   RO         5770    .ARM.Collect$$libinit$$00000015  c_w.l(libinit2.o)
    0x08000252   0x08000252   0x0000000a   Code   RO         5771    .ARM.Collect$$libinit$$00000016  c_w.l(libinit2.o)
    0x0800025c   0x0800025c   0x00000000   Code   RO         5772    .ARM.Collect$$libinit$$00000017  c_w.l(libinit2.o)
    0x0800025c   0x0800025c   0x00000000   Code   RO         5774    .ARM.Collect$$libinit$$00000019  c_w.l(libinit2.o)
    0x0800025c   0x0800025c   0x00000000   Code   RO         5776    .ARM.Collect$$libinit$$0000001B  c_w.l(libinit2.o)
    0x0800025c   0x0800025c   0x00000000   Code   RO         5778    .ARM.Collect$$libinit$$0000001D  c_w.l(libinit2.o)
    0x0800025c   0x0800025c   0x00000000   Code   RO         5780    .ARM.Collect$$libinit$$0000001F  c_w.l(libinit2.o)
    0x0800025c   0x0800025c   0x00000000   Code   RO         5782    .ARM.Collect$$libinit$$00000021  c_w.l(libinit2.o)
    0x0800025c   0x0800025c   0x00000000   Code   RO         5784    .ARM.Collect$$libinit$$00000023  c_w.l(libinit2.o)
    0x0800025c   0x0800025c   0x00000000   Code   RO         5786    .ARM.Collect$$libinit$$00000025  c_w.l(libinit2.o)
    0x0800025c   0x0800025c   0x00000000   Code   RO         5790    .ARM.Collect$$libinit$$0000002C  c_w.l(libinit2.o)
    0x0800025c   0x0800025c   0x00000000   Code   RO         5792    .ARM.Collect$$libinit$$0000002E  c_w.l(libinit2.o)
    0x0800025c   0x0800025c   0x00000000   Code   RO         5794    .ARM.Collect$$libinit$$00000030  c_w.l(libinit2.o)
    0x0800025c   0x0800025c   0x00000000   Code   RO         5796    .ARM.Collect$$libinit$$00000032  c_w.l(libinit2.o)
    0x0800025c   0x0800025c   0x00000002   Code   RO         5797    .ARM.Collect$$libinit$$00000033  c_w.l(libinit2.o)
    0x0800025e   0x0800025e   0x00000002   Code   RO         5844    .ARM.Collect$$libshutdown$$00000000  c_w.l(libshutdown.o)
    0x08000260   0x08000260   0x00000000   Code   RO         5862    .ARM.Collect$$libshutdown$$00000002  c_w.l(libshutdown2.o)
    0x08000260   0x08000260   0x00000000   Code   RO         5864    .ARM.Collect$$libshutdown$$00000004  c_w.l(libshutdown2.o)
    0x08000260   0x08000260   0x00000000   Code   RO         5867    .ARM.Collect$$libshutdown$$00000007  c_w.l(libshutdown2.o)
    0x08000260   0x08000260   0x00000000   Code   RO         5870    .ARM.Collect$$libshutdown$$0000000A  c_w.l(libshutdown2.o)
    0x08000260   0x08000260   0x00000000   Code   RO         5872    .ARM.Collect$$libshutdown$$0000000C  c_w.l(libshutdown2.o)
    0x08000260   0x08000260   0x00000000   Code   RO         5875    .ARM.Collect$$libshutdown$$0000000F  c_w.l(libshutdown2.o)
    0x08000260   0x08000260   0x00000002   Code   RO         5876    .ARM.Collect$$libshutdown$$00000010  c_w.l(libshutdown2.o)
    0x08000262   0x08000262   0x00000000   Code   RO         5657    .ARM.Collect$$rtentry$$00000000  c_w.l(__rtentry.o)
    0x08000262   0x08000262   0x00000000   Code   RO         5675    .ARM.Collect$$rtentry$$00000002  c_w.l(__rtentry2.o)
    0x08000262   0x08000262   0x00000006   Code   RO         5687    .ARM.Collect$$rtentry$$00000004  c_w.l(__rtentry4.o)
    0x08000268   0x08000268   0x00000000   Code   RO         5677    .ARM.Collect$$rtentry$$00000009  c_w.l(__rtentry2.o)
    0x08000268   0x08000268   0x00000004   Code   RO         5678    .ARM.Collect$$rtentry$$0000000A  c_w.l(__rtentry2.o)
    0x0800026c   0x0800026c   0x00000000   Code   RO         5680    .ARM.Collect$$rtentry$$0000000C  c_w.l(__rtentry2.o)
    0x0800026c   0x0800026c   0x00000008   Code   RO         5681    .ARM.Collect$$rtentry$$0000000D  c_w.l(__rtentry2.o)
    0x08000274   0x08000274   0x00000002   Code   RO         5798    .ARM.Collect$$rtexit$$00000000  c_w.l(rtexit.o)
    0x08000276   0x08000276   0x00000000   Code   RO         5813    .ARM.Collect$$rtexit$$00000002  c_w.l(rtexit2.o)
    0x08000276   0x08000276   0x00000004   Code   RO         5814    .ARM.Collect$$rtexit$$00000003  c_w.l(rtexit2.o)
    0x0800027a   0x0800027a   0x00000006   Code   RO         5815    .ARM.Collect$$rtexit$$00000004  c_w.l(rtexit2.o)
    0x08000280   0x08000280   0x00000068   Code   RO            4    .text               startup_stm32f405xx.o
    0x080002e8   0x080002e8   0x00000034   Code   RO         3294    .text               cpu_a.o
    0x0800031c   0x0800031c   0x000000ee   Code   RO         5617    .text               c_w.l(lludivv7m.o)
    0x0800040a   0x0800040a   0x00000002   PAD
    0x0800040c   0x0800040c   0x0000002c   Code   RO         5619    .text               c_w.l(__2sprintf.o)
    0x08000438   0x08000438   0x00000068   Code   RO         5623    .text               c_w.l(__printf.o)
    0x080004a0   0x080004a0   0x0000004e   Code   RO         5647    .text               c_w.l(rt_memclr_w.o)
    0x080004ee   0x080004ee   0x00000006   Code   RO         5649    .text               c_w.l(heapauxi.o)
    0x080004f4   0x080004f4   0x0000041e   Code   RO         5662    .text               c_w.l(_printf_fp_dec.o)
    0x08000912   0x08000912   0x00000002   PAD
    0x08000914   0x08000914   0x00000030   Code   RO         5664    .text               c_w.l(_printf_char_common.o)
    0x08000944   0x08000944   0x0000000a   Code   RO         5666    .text               c_w.l(_sputc.o)
    0x0800094e   0x0800094e   0x00000002   PAD
    0x08000950   0x08000950   0x00000008   Code   RO         5694    .text               c_w.l(rt_locale_intlibspace.o)
    0x08000958   0x08000958   0x0000008a   Code   RO         5696    .text               c_w.l(lludiv10.o)
    0x080009e2   0x080009e2   0x00000002   PAD
    0x080009e4   0x080009e4   0x00000080   Code   RO         5698    .text               c_w.l(_printf_fp_infnan.o)
    0x08000a64   0x08000a64   0x000000e4   Code   RO         5702    .text               c_w.l(bigflt0.o)
    0x08000b48   0x08000b48   0x00000008   Code   RO         5734    .text               c_w.l(libspace.o)
    0x08000b50   0x08000b50   0x0000004a   Code   RO         5737    .text               c_w.l(sys_stackheap_outer.o)
    0x08000b9a   0x08000b9a   0x00000012   Code   RO         5739    .text               c_w.l(exit.o)
    0x08000bac   0x08000bac   0x00000080   Code   RO         5745    .text               c_w.l(strcmpv7m.o)
    0x08000c2c   0x08000c2c   0x0000000c   Code   RO         5810    .text               c_w.l(sys_exit.o)
    0x08000c38   0x08000c38   0x00000002   Code   RO         5831    .text               c_w.l(use_no_semi.o)
    0x08000c3a   0x08000c3a   0x00000000   Code   RO         5833    .text               c_w.l(indicate_semi.o)
    0x08000c3a   0x08000c3a   0x0000003e   Code   RO         5705    CL$$btod_d2e        c_w.l(btod.o)
    0x08000c78   0x08000c78   0x00000046   Code   RO         5707    CL$$btod_d2e_denorm_low  c_w.l(btod.o)
    0x08000cbe   0x08000cbe   0x00000060   Code   RO         5706    CL$$btod_d2e_norm_op1  c_w.l(btod.o)
    0x08000d1e   0x08000d1e   0x00000338   Code   RO         5715    CL$$btod_div_common  c_w.l(btod.o)
    0x08001056   0x08001056   0x000000dc   Code   RO         5712    CL$$btod_e2e        c_w.l(btod.o)
    0x08001132   0x08001132   0x0000002a   Code   RO         5709    CL$$btod_ediv       c_w.l(btod.o)
    0x0800115c   0x0800115c   0x0000002a   Code   RO         5708    CL$$btod_emul       c_w.l(btod.o)
    0x08001186   0x08001186   0x00000244   Code   RO         5714    CL$$btod_mult_common  c_w.l(btod.o)
    0x080013ca   0x080013ca   0x00000002   PAD
    0x080013cc   0x080013cc   0x000000c4   Code   RO         4917    CODE                os_cpu_a.o
    0x08001490   0x08001490   0x00000004   Code   RO         3116    i.BSP_Init          bsp.o
    0x08001494   0x08001494   0x0000001c   Code   RO         3117    i.BSP_Tick_Init     bsp.o
    0x080014b0   0x080014b0   0x00000002   Code   RO          479    i.BusFault_Handler  stm32f4xx_it.o
    0x080014b2   0x080014b2   0x00000002   PAD
    0x080014b4   0x080014b4   0x0000000c   Code   RO         3120    i.CPU_TS_TmrRd      bsp.o
    0x080014c0   0x080014c0   0x000000b4   Code   RO         5132    i.CopeSerial5Data   jy901.o
    0x08001574   0x08001574   0x00000060   Code   RO         5446    i.CopeSerialData    rasp_command.o
    0x080015d4   0x080015d4   0x0000000c   Code   RO          480    i.DMA1_Stream0_IRQHandler  stm32f4xx_it.o
    0x080015e0   0x080015e0   0x0000000c   Code   RO          481    i.DMA1_Stream7_IRQHandler  stm32f4xx_it.o
    0x080015ec   0x080015ec   0x0000000c   Code   RO          482    i.DMA2_Stream2_IRQHandler  stm32f4xx_it.o
    0x080015f8   0x080015f8   0x0000000c   Code   RO          483    i.DMA2_Stream7_IRQHandler  stm32f4xx_it.o
    0x08001604   0x08001604   0x00000028   Code   RO         2047    i.DMA_CalcBaseAndBitshift  stm32f4xx_hal_dma.o
    0x0800162c   0x0800162c   0x00000054   Code   RO         2048    i.DMA_CheckFifoParam  stm32f4xx_hal_dma.o
    0x08001680   0x08001680   0x00000028   Code   RO         2049    i.DMA_SetConfig     stm32f4xx_hal_dma.o
    0x080016a8   0x080016a8   0x00000002   Code   RO          484    i.DebugMon_Handler  stm32f4xx_it.o
    0x080016aa   0x080016aa   0x00000004   Code   RO           13    i.Error_Handler     main.o
    0x080016ae   0x080016ae   0x00000092   Code   RO         2050    i.HAL_DMA_Abort     stm32f4xx_hal_dma.o
    0x08001740   0x08001740   0x00000024   Code   RO         2051    i.HAL_DMA_Abort_IT  stm32f4xx_hal_dma.o
    0x08001764   0x08001764   0x000001a0   Code   RO         2055    i.HAL_DMA_IRQHandler  stm32f4xx_hal_dma.o
    0x08001904   0x08001904   0x000000d4   Code   RO         2056    i.HAL_DMA_Init      stm32f4xx_hal_dma.o
    0x080019d8   0x080019d8   0x0000006e   Code   RO         2060    i.HAL_DMA_Start_IT  stm32f4xx_hal_dma.o
    0x08001a46   0x08001a46   0x00000002   PAD
    0x08001a48   0x08001a48   0x000001f0   Code   RO         1943    i.HAL_GPIO_Init     stm32f4xx_hal_gpio.o
    0x08001c38   0x08001c38   0x0000000c   Code   RO         2475    i.HAL_GetTick       stm32f4xx_hal.o
    0x08001c44   0x08001c44   0x00000034   Code   RO         2482    i.HAL_Init          stm32f4xx_hal.o
    0x08001c78   0x08001c78   0x00000040   Code   RO         2483    i.HAL_InitTick      stm32f4xx_hal.o
    0x08001cb8   0x08001cb8   0x00000030   Code   RO          591    i.HAL_MspInit       stm32f4xx_hal_msp.o
    0x08001ce8   0x08001ce8   0x0000001a   Code   RO         2332    i.HAL_NVIC_EnableIRQ  stm32f4xx_hal_cortex.o
    0x08001d02   0x08001d02   0x00000002   PAD
    0x08001d04   0x08001d04   0x00000040   Code   RO         2338    i.HAL_NVIC_SetPriority  stm32f4xx_hal_cortex.o
    0x08001d44   0x08001d44   0x00000024   Code   RO         2339    i.HAL_NVIC_SetPriorityGrouping  stm32f4xx_hal_cortex.o
    0x08001d68   0x08001d68   0x00000134   Code   RO         1589    i.HAL_RCC_ClockConfig  stm32f4xx_hal_rcc.o
    0x08001e9c   0x08001e9c   0x0000000c   Code   RO         1594    i.HAL_RCC_GetHCLKFreq  stm32f4xx_hal_rcc.o
    0x08001ea8   0x08001ea8   0x00000020   Code   RO         1596    i.HAL_RCC_GetPCLK1Freq  stm32f4xx_hal_rcc.o
    0x08001ec8   0x08001ec8   0x00000020   Code   RO         1597    i.HAL_RCC_GetPCLK2Freq  stm32f4xx_hal_rcc.o
    0x08001ee8   0x08001ee8   0x00000064   Code   RO         1598    i.HAL_RCC_GetSysClockFreq  stm32f4xx_hal_rcc.o
    0x08001f4c   0x08001f4c   0x0000036c   Code   RO         1601    i.HAL_RCC_OscConfig  stm32f4xx_hal_rcc.o
    0x080022b8   0x080022b8   0x00000028   Code   RO         2343    i.HAL_SYSTICK_Config  stm32f4xx_hal_cortex.o
    0x080022e0   0x080022e0   0x00000054   Code   RO         1324    i.HAL_TIMEx_ConfigBreakDeadTime  stm32f4xx_hal_tim_ex.o
    0x08002334   0x08002334   0x00000090   Code   RO         1340    i.HAL_TIMEx_MasterConfigSynchronization  stm32f4xx_hal_tim_ex.o
    0x080023c4   0x080023c4   0x0000005a   Code   RO          617    i.HAL_TIM_Base_Init  stm32f4xx_hal_tim.o
    0x0800241e   0x0800241e   0x00000002   PAD
    0x08002420   0x08002420   0x0000004c   Code   RO          372    i.HAL_TIM_Base_MspInit  tim.o
    0x0800246c   0x0800246c   0x000000dc   Code   RO          626    i.HAL_TIM_ConfigClockSource  stm32f4xx_hal_tim.o
    0x08002548   0x08002548   0x000000c0   Code   RO          373    i.HAL_TIM_MspPostInit  tim.o
    0x08002608   0x08002608   0x000000cc   Code   RO          689    i.HAL_TIM_PWM_ConfigChannel  stm32f4xx_hal_tim.o
    0x080026d4   0x080026d4   0x0000005a   Code   RO          692    i.HAL_TIM_PWM_Init  stm32f4xx_hal_tim.o
    0x0800272e   0x0800272e   0x00000002   Code   RO          694    i.HAL_TIM_PWM_MspInit  stm32f4xx_hal_tim.o
    0x08002730   0x08002730   0x000000c8   Code   RO          697    i.HAL_TIM_PWM_Start  stm32f4xx_hal_tim.o
    0x080027f8   0x080027f8   0x00000002   Code   RO         2731    i.HAL_UARTEx_RxEventCallback  stm32f4xx_hal_uart.o
    0x080027fa   0x080027fa   0x00000002   Code   RO         2745    i.HAL_UART_ErrorCallback  stm32f4xx_hal_uart.o
    0x080027fc   0x080027fc   0x00000268   Code   RO         2748    i.HAL_UART_IRQHandler  stm32f4xx_hal_uart.o
    0x08002a64   0x08002a64   0x00000062   Code   RO         2749    i.HAL_UART_Init     stm32f4xx_hal_uart.o
    0x08002ac6   0x08002ac6   0x00000002   PAD
    0x08002ac8   0x08002ac8   0x000001d8   Code   RO          432    i.HAL_UART_MspInit  usart.o
    0x08002ca0   0x08002ca0   0x0000002a   Code   RO         2753    i.HAL_UART_Receive_DMA  stm32f4xx_hal_uart.o
    0x08002cca   0x08002cca   0x00000002   PAD
    0x08002ccc   0x08002ccc   0x00000038   Code   RO           14    i.HAL_UART_RxCpltCallback  main.o
    0x08002d04   0x08002d04   0x00000002   Code   RO         2756    i.HAL_UART_RxHalfCpltCallback  stm32f4xx_hal_uart.o
    0x08002d06   0x08002d06   0x00000002   PAD
    0x08002d08   0x08002d08   0x000000b2   Code   RO         2757    i.HAL_UART_Transmit  stm32f4xx_hal_uart.o
    0x08002dba   0x08002dba   0x00000002   Code   RO         2760    i.HAL_UART_TxCpltCallback  stm32f4xx_hal_uart.o
    0x08002dbc   0x08002dbc   0x00000002   Code   RO          485    i.HardFault_Handler  stm32f4xx_it.o
    0x08002dbe   0x08002dbe   0x00000002   PAD
    0x08002dc0   0x08002dc0   0x0000006c   Code   RO          347    i.MX_DMA_Init       dma.o
    0x08002e2c   0x08002e2c   0x0000004c   Code   RO          323    i.MX_GPIO_Init      gpio.o
    0x08002e78   0x08002e78   0x000000f8   Code   RO          374    i.MX_TIM1_Init      tim.o
    0x08002f70   0x08002f70   0x000000c8   Code   RO          375    i.MX_TIM2_Init      tim.o
    0x08003038   0x08003038   0x000000c8   Code   RO          376    i.MX_TIM3_Init      tim.o
    0x08003100   0x08003100   0x00000038   Code   RO          433    i.MX_UART5_Init     usart.o
    0x08003138   0x08003138   0x00000038   Code   RO          434    i.MX_USART1_UART_Init  usart.o
    0x08003170   0x08003170   0x00000002   Code   RO          486    i.MemManage_Handler  stm32f4xx_it.o
    0x08003172   0x08003172   0x00000002   Code   RO          487    i.NMI_Handler       stm32f4xx_it.o
    0x08003174   0x08003174   0x00000002   Code   RO         3764    i.OSCfg_Init        os_cfg_app.o
    0x08003176   0x08003176   0x00000002   PAD
    0x08003178   0x08003178   0x00000010   Code   RO         4920    i.OSIdleTaskHook    os_cpu_c.o
    0x08003188   0x08003188   0x00000158   Code   RO         3828    i.OSInit            os_core.o
    0x080032e0   0x080032e0   0x00000024   Code   RO         4921    i.OSInitHook        os_cpu_c.o
    0x08003304   0x08003304   0x00000084   Code   RO         3830    i.OSIntExit         os_core.o
    0x08003388   0x08003388   0x0000006c   Code   RO         4218    i.OSMutexCreate     os_mutex.o
    0x080033f4   0x080033f4   0x000001a0   Code   RO         4220    i.OSMutexPend       os_mutex.o
    0x08003594   0x08003594   0x00000124   Code   RO         4222    i.OSMutexPost       os_mutex.o
    0x080036b8   0x080036b8   0x00000074   Code   RO         3831    i.OSSched           os_core.o
    0x0800372c   0x0800372c   0x00000054   Code   RO         3832    i.OSSchedLock       os_core.o
    0x08003780   0x08003780   0x00000068   Code   RO         3833    i.OSSchedUnlock     os_core.o
    0x080037e8   0x080037e8   0x00000058   Code   RO         3834    i.OSStart           os_core.o
    0x08003840   0x08003840   0x000000b4   Code   RO         4465    i.OSStatReset       os_stat.o
    0x080038f4   0x080038f4   0x0000009c   Code   RO         4466    i.OSStatTaskCPUUsageInit  os_stat.o
    0x08003990   0x08003990   0x00000010   Code   RO         4922    i.OSStatTaskHook    os_cpu_c.o
    0x080039a0   0x080039a0   0x00000150   Code   RO         4496    i.OSTaskCreate      os_task.o
    0x08003af0   0x08003af0   0x00000010   Code   RO         4923    i.OSTaskCreateHook  os_cpu_c.o
    0x08003b00   0x08003b00   0x000000cc   Code   RO         4497    i.OSTaskDel         os_task.o
    0x08003bcc   0x08003bcc   0x00000010   Code   RO         4924    i.OSTaskDelHook     os_cpu_c.o
    0x08003bdc   0x08003bdc   0x00000048   Code   RO         4505    i.OSTaskResume      os_task.o
    0x08003c24   0x08003c24   0x00000010   Code   RO         4925    i.OSTaskReturnHook  os_cpu_c.o
    0x08003c34   0x08003c34   0x00000120   Code   RO         4506    i.OSTaskSemPend     os_task.o
    0x08003d54   0x08003d54   0x0000002e   Code   RO         4508    i.OSTaskSemPost     os_task.o
    0x08003d82   0x08003d82   0x00000002   PAD
    0x08003d84   0x08003d84   0x00000094   Code   RO         4510    i.OSTaskStkChk      os_task.o
    0x08003e18   0x08003e18   0x000001a8   Code   RO         4926    i.OSTaskStkInit     os_cpu_c.o
    0x08003fc0   0x08003fc0   0x00000028   Code   RO         4511    i.OSTaskSuspend     os_task.o
    0x08003fe8   0x08003fe8   0x00000078   Code   RO         4927    i.OSTaskSwHook      os_cpu_c.o
    0x08004060   0x08004060   0x00000088   Code   RO         4709    i.OSTimeDly         os_time.o
    0x080040e8   0x080040e8   0x0000003c   Code   RO         4714    i.OSTimeTick        os_time.o
    0x08004124   0x08004124   0x00000010   Code   RO         4928    i.OSTimeTickHook    os_cpu_c.o
    0x08004134   0x08004134   0x00000024   Code   RO         4929    i.OS_CPU_SysTickHandler  os_cpu_c.o
    0x08004158   0x08004158   0x00000028   Code   RO         4930    i.OS_CPU_SysTickInit  os_cpu_c.o
    0x08004180   0x08004180   0x00000002   Code   RO         4040    i.OS_Dbg_Init       os_dbg.o
    0x08004182   0x08004182   0x00000002   PAD
    0x08004184   0x08004184   0x00000018   Code   RO         4067    i.OS_FlagInit       os_flag.o
    0x0800419c   0x0800419c   0x00000028   Code   RO         3836    i.OS_IdleTask       os_core.o
    0x080041c4   0x080041c4   0x00000068   Code   RO         3837    i.OS_IdleTaskInit   os_core.o
    0x0800422c   0x0800422c   0x00000018   Code   RO         4150    i.OS_MemInit        os_mem.o
    0x08004244   0x08004244   0x00000068   Code   RO         4182    i.OS_MsgPoolInit    os_msg.o
    0x080042ac   0x080042ac   0x00000034   Code   RO         4183    i.OS_MsgQFreeAll    os_msg.o
    0x080042e0   0x080042e0   0x0000000e   Code   RO         4185    i.OS_MsgQInit       os_msg.o
    0x080042ee   0x080042ee   0x00000002   PAD
    0x080042f0   0x080042f0   0x00000024   Code   RO         4224    i.OS_MutexDbgListAdd  os_mutex.o
    0x08004314   0x08004314   0x00000018   Code   RO         4226    i.OS_MutexInit      os_mutex.o
    0x0800432c   0x0800432c   0x00000050   Code   RO         3838    i.OS_Pend           os_core.o
    0x0800437c   0x0800437c   0x00000030   Code   RO         3841    i.OS_PendDataInit   os_core.o
    0x080043ac   0x080043ac   0x00000048   Code   RO         3842    i.OS_PendDbgNameAdd  os_core.o
    0x080043f4   0x080043f4   0x0000001c   Code   RO         3843    i.OS_PendDbgNameRemove  os_core.o
    0x08004410   0x08004410   0x00000032   Code   RO         3844    i.OS_PendListChangePrio  os_core.o
    0x08004442   0x08004442   0x0000000a   Code   RO         3845    i.OS_PendListInit   os_core.o
    0x0800444c   0x0800444c   0x0000005a   Code   RO         3847    i.OS_PendListInsertPrio  os_core.o
    0x080044a6   0x080044a6   0x00000026   Code   RO         3848    i.OS_PendListRemove  os_core.o
    0x080044cc   0x080044cc   0x00000036   Code   RO         3849    i.OS_PendListRemove1  os_core.o
    0x08004502   0x08004502   0x000000b2   Code   RO         3852    i.OS_Post           os_core.o
    0x080045b4   0x080045b4   0x00000026   Code   RO         3853    i.OS_Post1          os_core.o
    0x080045da   0x080045da   0x00000002   PAD
    0x080045dc   0x080045dc   0x00000024   Code   RO         4284    i.OS_PrioGetHighest  os_prio.o
    0x08004600   0x08004600   0x00000018   Code   RO         4285    i.OS_PrioInit       os_prio.o
    0x08004618   0x08004618   0x00000020   Code   RO         4286    i.OS_PrioInsert     os_prio.o
    0x08004638   0x08004638   0x00000020   Code   RO         4287    i.OS_PrioRemove     os_prio.o
    0x08004658   0x08004658   0x00000018   Code   RO         4330    i.OS_QInit          os_q.o
    0x08004670   0x08004670   0x00000024   Code   RO         3854    i.OS_RdyListInit    os_core.o
    0x08004694   0x08004694   0x00000030   Code   RO         3855    i.OS_RdyListInsert  os_core.o
    0x080046c4   0x080046c4   0x00000038   Code   RO         3856    i.OS_RdyListInsertHead  os_core.o
    0x080046fc   0x080046fc   0x00000034   Code   RO         3857    i.OS_RdyListInsertTail  os_core.o
    0x08004730   0x08004730   0x00000054   Code   RO         3859    i.OS_RdyListRemove  os_core.o
    0x08004784   0x08004784   0x0000001c   Code   RO         3860    i.OS_SchedLockTimeMeasStart  os_core.o
    0x080047a0   0x080047a0   0x0000003c   Code   RO         3861    i.OS_SchedLockTimeMeasStop  os_core.o
    0x080047dc   0x080047dc   0x00000018   Code   RO         4402    i.OS_SemInit        os_sem.o
    0x080047f4   0x080047f4   0x000001f8   Code   RO         4467    i.OS_StatTask       os_stat.o
    0x080049ec   0x080049ec   0x000000bc   Code   RO         4468    i.OS_StatTaskInit   os_stat.o
    0x08004aa8   0x08004aa8   0x00000028   Code   RO         3862    i.OS_TaskBlock      os_core.o
    0x08004ad0   0x08004ad0   0x00000024   Code   RO         4512    i.OS_TaskDbgListAdd  os_task.o
    0x08004af4   0x08004af4   0x00000038   Code   RO         4513    i.OS_TaskDbgListRemove  os_task.o
    0x08004b2c   0x08004b2c   0x00000020   Code   RO         4514    i.OS_TaskInit       os_task.o
    0x08004b4c   0x08004b4c   0x000000a8   Code   RO         4515    i.OS_TaskInitTCB    os_task.o
    0x08004bf4   0x08004bf4   0x000000a8   Code   RO         4517    i.OS_TaskResume     os_task.o
    0x08004c9c   0x08004c9c   0x00000018   Code   RO         4518    i.OS_TaskReturn     os_task.o
    0x08004cb4   0x08004cb4   0x00000098   Code   RO         4519    i.OS_TaskSemPost    os_task.o
    0x08004d4c   0x08004d4c   0x00000098   Code   RO         4520    i.OS_TaskSuspend    os_task.o
    0x08004de4   0x08004de4   0x0000005e   Code   RO         4657    i.OS_TickListInsert  os_tick.o
    0x08004e42   0x08004e42   0x00000002   PAD
    0x08004e44   0x08004e44   0x0000007c   Code   RO         4658    i.OS_TickListInsertDly  os_tick.o
    0x08004ec0   0x08004ec0   0x00000040   Code   RO         4659    i.OS_TickListRemove  os_tick.o
    0x08004f00   0x08004f00   0x00000002   Code   RO         4660    i.OS_TickListResetPeak  os_tick.o
    0x08004f02   0x08004f02   0x00000002   PAD
    0x08004f04   0x08004f04   0x0000007c   Code   RO         4661    i.OS_TickListUpdateDly  os_tick.o
    0x08004f80   0x08004f80   0x000000b0   Code   RO         4662    i.OS_TickListUpdateTimeout  os_tick.o
    0x08005030   0x08005030   0x00000054   Code   RO         4663    i.OS_TickTask       os_tick.o
    0x08005084   0x08005084   0x000000b4   Code   RO         4664    i.OS_TickTaskInit   os_tick.o
    0x08005138   0x08005138   0x00000118   Code   RO         4760    i.OS_TmrInit        os_tmr.o
    0x08005250   0x08005250   0x00000018   Code   RO         4761    i.OS_TmrLock        os_tmr.o
    0x08005268   0x08005268   0x00000002   Code   RO         4762    i.OS_TmrResetPeak   os_tmr.o
    0x0800526a   0x0800526a   0x00000002   PAD
    0x0800526c   0x0800526c   0x00000098   Code   RO         4763    i.OS_TmrTask        os_tmr.o
    0x08005304   0x08005304   0x0000003c   Code   RO         4764    i.OS_TmrUnlink      os_tmr.o
    0x08005340   0x08005340   0x00000014   Code   RO         4765    i.OS_TmrUnlock      os_tmr.o
    0x08005354   0x08005354   0x00000074   Code   RO         5205    i.PWM_init          motortest.o
    0x080053c8   0x080053c8   0x00000014   Code   RO         5574    i.STMFLASH_Read     stmflash.o
    0x080053dc   0x080053dc   0x00000002   Code   RO          489    i.SVC_Handler       stm32f4xx_it.o
    0x080053de   0x080053de   0x00000002   PAD
    0x080053e0   0x080053e0   0x00000094   Code   RO           15    i.SystemClock_Config  main.o
    0x08005474   0x08005474   0x00000010   Code   RO         3078    i.SystemInit        system_stm32f4xx.o
    0x08005484   0x08005484   0x000000c8   Code   RO          710    i.TIM_Base_SetConfig  stm32f4xx_hal_tim.o
    0x0800554c   0x0800554c   0x0000001a   Code   RO          711    i.TIM_CCxChannelCmd  stm32f4xx_hal_tim.o
    0x08005566   0x08005566   0x00000014   Code   RO          721    i.TIM_ETR_SetConfig  stm32f4xx_hal_tim.o
    0x0800557a   0x0800557a   0x00000010   Code   RO          722    i.TIM_ITRx_SetConfig  stm32f4xx_hal_tim.o
    0x0800558a   0x0800558a   0x00000002   PAD
    0x0800558c   0x0800558c   0x00000060   Code   RO          723    i.TIM_OC1_SetConfig  stm32f4xx_hal_tim.o
    0x080055ec   0x080055ec   0x0000006c   Code   RO          724    i.TIM_OC2_SetConfig  stm32f4xx_hal_tim.o
    0x08005658   0x08005658   0x00000068   Code   RO          725    i.TIM_OC3_SetConfig  stm32f4xx_hal_tim.o
    0x080056c0   0x080056c0   0x00000050   Code   RO          726    i.TIM_OC4_SetConfig  stm32f4xx_hal_tim.o
    0x08005710   0x08005710   0x00000022   Code   RO          728    i.TIM_TI1_ConfigInputStage  stm32f4xx_hal_tim.o
    0x08005732   0x08005732   0x00000024   Code   RO          730    i.TIM_TI2_ConfigInputStage  stm32f4xx_hal_tim.o
    0x08005756   0x08005756   0x00000002   PAD
    0x08005758   0x08005758   0x0000000c   Code   RO          491    i.UART5_IRQHandler  stm32f4xx_it.o
    0x08005764   0x08005764   0x00000010   Code   RO         2762    i.UART_DMAAbortOnError  stm32f4xx_hal_uart.o
    0x08005774   0x08005774   0x0000004a   Code   RO         2763    i.UART_DMAError     stm32f4xx_hal_uart.o
    0x080057be   0x080057be   0x00000082   Code   RO         2764    i.UART_DMAReceiveCplt  stm32f4xx_hal_uart.o
    0x08005840   0x08005840   0x0000001a   Code   RO         2766    i.UART_DMARxHalfCplt  stm32f4xx_hal_uart.o
    0x0800585a   0x0800585a   0x0000004e   Code   RO         2772    i.UART_EndRxTransfer  stm32f4xx_hal_uart.o
    0x080058a8   0x080058a8   0x0000001c   Code   RO         2773    i.UART_EndTxTransfer  stm32f4xx_hal_uart.o
    0x080058c4   0x080058c4   0x000000ac   Code   RO         5447    i.UART_ReadCOMMAND  rasp_command.o
    0x08005970   0x08005970   0x0000013c   Code   RO         5134    i.UART_ReadIMU      jy901.o
    0x08005aac   0x08005aac   0x000000c0   Code   RO         2774    i.UART_Receive_IT   stm32f4xx_hal_uart.o
    0x08005b6c   0x08005b6c   0x0000010c   Code   RO         2775    i.UART_SetConfig    stm32f4xx_hal_uart.o
    0x08005c78   0x08005c78   0x00000094   Code   RO         2776    i.UART_Start_Receive_DMA  stm32f4xx_hal_uart.o
    0x08005d0c   0x08005d0c   0x00000078   Code   RO         2778    i.UART_WaitOnFlagUntilTimeout  stm32f4xx_hal_uart.o
    0x08005d84   0x08005d84   0x0000000c   Code   RO          492    i.USART1_IRQHandler  stm32f4xx_it.o
    0x08005d90   0x08005d90   0x00000002   Code   RO          493    i.UsageFault_Handler  stm32f4xx_it.o
    0x08005d92   0x08005d92   0x00000002   PAD
    0x08005d94   0x08005d94   0x000001d8   Code   RO           16    i.Water_Attitude_Control  main.o
    0x08005f6c   0x08005f6c   0x00000030   Code   RO         5732    i.__ARM_fpclassify  m_wm.l(fpclassify.o)
    0x08005f9c   0x08005f9c   0x00000020   Code   RO         2345    i.__NVIC_SetPriority  stm32f4xx_hal_cortex.o
    0x08005fbc   0x08005fbc   0x0000002a   Code   RO         5250    i.abs_outlimit      pid.o
    0x08005fe6   0x08005fe6   0x00000002   PAD
    0x08005fe8   0x08005fe8   0x00000084   Code   RO         5070    i.attitudeAnglePID  attitude_pid.o
    0x0800606c   0x0800606c   0x0000014c   Code   RO         5071    i.attitudeControlInit  attitude_pid.o
    0x080061b8   0x080061b8   0x00000078   Code   RO         5072    i.attitudeRatePID   attitude_pid.o
    0x08006230   0x08006230   0x0000003c   Code   RO         5073    i.attitudeResetAllPID  attitude_pid.o
    0x0800626c   0x0800626c   0x00000024   Code   RO           17    i.communicate_task  main.o
    0x08006290   0x08006290   0x00000016   Code   RO         5378    i.limitPWM          pwm_control.o
    0x080062a6   0x080062a6   0x00000002   PAD
    0x080062a8   0x080062a8   0x00000030   Code   RO         5379    i.limitThrust       pwm_control.o
    0x080062d8   0x080062d8   0x00000084   Code   RO           19    i.main              main.o
    0x0800635c   0x0800635c   0x0000004c   Code   RO         5253    i.pidInit           pid.o
    0x080063a8   0x080063a8   0x00000038   Code   RO         5074    i.pidOutLimit       attitude_pid.o
    0x080063e0   0x080063e0   0x0000001c   Code   RO         5255    i.pidReset          pid.o
    0x080063fc   0x080063fc   0x00000006   Code   RO         5259    i.pidSetIntegralLimit  pid.o
    0x08006402   0x08006402   0x00000006   Code   RO         5264    i.pidSetOutLimit    pid.o
    0x08006408   0x08006408   0x00000088   Code   RO         5266    i.pidUpdate         pid.o
    0x08006490   0x08006490   0x00000134   Code   RO         5382    i.pwmControl        pwm_control.o
    0x080065c4   0x080065c4   0x0000014c   Code   RO         5136    i.sensorReadAngle   jy901.o
    0x08006710   0x08006710   0x000000a4   Code   RO           20    i.sensor_task       main.o
    0x080067b4   0x080067b4   0x0000005a   Code   RO         5383    i.setMotorPWM       pwm_control.o
    0x0800680e   0x0800680e   0x00000002   PAD
    0x08006810   0x08006810   0x000000f4   Code   RO         5208    i.set_motorspeed    motortest.o
    0x08006904   0x08006904   0x00000034   Code   RO           21    i.stabilization_task  main.o
    0x08006938   0x08006938   0x00000114   Code   RO           22    i.start_task        main.o
    0x08006a4c   0x08006a4c   0x00000030   Code   RO         5385    i.thrust2pwmRange   pwm_control.o
    0x08006a7c   0x08006a7c   0x0000002c   Code   RO         5728    locale$$code        c_w.l(lc_numeric_c.o)
    0x08006aa8   0x08006aa8   0x0000000c   Code   RO         5669    x$fpl$dretinf       fz_wm.l(dretinf.o)
    0x08006ab4   0x08006ab4   0x00000056   Code   RO         5653    x$fpl$f2d           fz_wm.l(f2d.o)
    0x08006b0a   0x08006b0a   0x0000008c   Code   RO         5671    x$fpl$fnaninf       fz_wm.l(fnaninf.o)
    0x08006b96   0x08006b96   0x0000000a   Code   RO         5808    x$fpl$fpinit        fz_wm.l(fpinit.o)
    0x08006ba0   0x08006ba0   0x00000004   Code   RO         5655    x$fpl$printf1       fz_wm.l(printf1.o)
    0x08006ba4   0x08006ba4   0x00000000   Code   RO         5673    x$fpl$usenofp       fz_wm.l(usenofp.o)
    0x08006ba4   0x08006ba4   0x00000008   Data   RO         2062    .constdata          stm32f4xx_hal_dma.o
    0x08006bac   0x08006bac   0x00000010   Data   RO         3079    .constdata          system_stm32f4xx.o
    0x08006bbc   0x08006bbc   0x00000008   Data   RO         3080    .constdata          system_stm32f4xx.o
    0x08006bc4   0x08006bc4   0x00000004   Data   RO         3771    .constdata          os_cfg_app.o
    0x08006bc8   0x08006bc8   0x00000004   Data   RO         3772    .constdata          os_cfg_app.o
    0x08006bcc   0x08006bcc   0x00000004   Data   RO         3773    .constdata          os_cfg_app.o
    0x08006bd0   0x08006bd0   0x00000004   Data   RO         3782    .constdata          os_cfg_app.o
    0x08006bd4   0x08006bd4   0x00000004   Data   RO         3783    .constdata          os_cfg_app.o
    0x08006bd8   0x08006bd8   0x00000002   Data   RO         3785    .constdata          os_cfg_app.o
    0x08006bda   0x08006bda   0x00000002   PAD
    0x08006bdc   0x08006bdc   0x00000004   Data   RO         3787    .constdata          os_cfg_app.o
    0x08006be0   0x08006be0   0x00000001   Data   RO         3788    .constdata          os_cfg_app.o
    0x08006be1   0x08006be1   0x00000003   PAD
    0x08006be4   0x08006be4   0x00000004   Data   RO         3789    .constdata          os_cfg_app.o
    0x08006be8   0x08006be8   0x00000004   Data   RO         3790    .constdata          os_cfg_app.o
    0x08006bec   0x08006bec   0x00000004   Data   RO         3791    .constdata          os_cfg_app.o
    0x08006bf0   0x08006bf0   0x00000004   Data   RO         3792    .constdata          os_cfg_app.o
    0x08006bf4   0x08006bf4   0x00000004   Data   RO         3794    .constdata          os_cfg_app.o
    0x08006bf8   0x08006bf8   0x00000004   Data   RO         3795    .constdata          os_cfg_app.o
    0x08006bfc   0x08006bfc   0x00000001   Data   RO         3796    .constdata          os_cfg_app.o
    0x08006bfd   0x08006bfd   0x00000003   PAD
    0x08006c00   0x08006c00   0x00000004   Data   RO         3797    .constdata          os_cfg_app.o
    0x08006c04   0x08006c04   0x00000004   Data   RO         3798    .constdata          os_cfg_app.o
    0x08006c08   0x08006c08   0x00000004   Data   RO         3799    .constdata          os_cfg_app.o
    0x08006c0c   0x08006c0c   0x00000001   Data   RO         3801    .constdata          os_cfg_app.o
    0x08006c0d   0x08006c0d   0x00000003   PAD
    0x08006c10   0x08006c10   0x00000004   Data   RO         3802    .constdata          os_cfg_app.o
    0x08006c14   0x08006c14   0x00000004   Data   RO         3803    .constdata          os_cfg_app.o
    0x08006c18   0x08006c18   0x00000004   Data   RO         3804    .constdata          os_cfg_app.o
    0x08006c1c   0x08006c1c   0x00000004   Data   RO         3805    .constdata          os_cfg_app.o
    0x08006c20   0x08006c20   0x00000094   Data   RO         5703    .constdata          c_w.l(bigflt0.o)
    0x08006cb4   0x08006cb4   0x00000020   Data   RO         5877    Region$$Table       anon$$obj.o
    0x08006cd4   0x08006cd4   0x0000001c   Data   RO         5727    locale$$data        c_w.l(lc_numeric_c.o)


    Execution Region RW_IRAM1 (Exec base: 0x20000000, Load base: 0x08006cf0, Size: 0x00005c60, Max: 0x0001c000, ABSOLUTE, COMPRESSED[0x00000020])

    Exec Addr    Load Addr    Size         Type   Attr      Idx    E Section Name        Object

    0x20000000   COMPRESSED   0x0000000c   Data   RW         2489    .data               stm32f4xx_hal.o
    0x2000000c   COMPRESSED   0x00000004   Data   RW         3081    .data               system_stm32f4xx.o
    0x20000010   COMPRESSED   0x00000008   Data   RW         4288    .data               os_prio.o
    0x20000018   COMPRESSED   0x00000004   Data   RW         4852    .data               os_var.o
    0x2000001c   COMPRESSED   0x00000004   Data   RW         4853    .data               os_var.o
    0x20000020   COMPRESSED   0x00000004   Data   RW         4854    .data               os_var.o
    0x20000024   COMPRESSED   0x00000004   Data   RW         4855    .data               os_var.o
    0x20000028   COMPRESSED   0x00000004   Data   RW         4856    .data               os_var.o
    0x2000002c   COMPRESSED   0x00000004   Data   RW         4857    .data               os_var.o
    0x20000030   COMPRESSED   0x00000004   Data   RW         4858    .data               os_var.o
    0x20000034   COMPRESSED   0x00000004   Data   RW         4859    .data               os_var.o
    0x20000038   COMPRESSED   0x00000001   Data   RW         4860    .data               os_var.o
    0x20000039   COMPRESSED   0x00000001   Data   RW         4861    .data               os_var.o
    0x2000003a   COMPRESSED   0x00000002   PAD
    0x2000003c   COMPRESSED   0x00000004   Data   RW         4862    .data               os_var.o
    0x20000040   COMPRESSED   0x00000002   Data   RW         4863    .data               os_var.o
    0x20000042   COMPRESSED   0x00000002   PAD
    0x20000044   COMPRESSED   0x00000004   Data   RW         4864    .data               os_var.o
    0x20000048   COMPRESSED   0x00000002   Data   RW         4865    .data               os_var.o
    0x2000004a   COMPRESSED   0x00000002   PAD
    0x2000004c   COMPRESSED   0x00000004   Data   RW         4866    .data               os_var.o
    0x20000050   COMPRESSED   0x00000002   Data   RW         4867    .data               os_var.o
    0x20000052   COMPRESSED   0x00000001   Data   RW         4868    .data               os_var.o
    0x20000053   COMPRESSED   0x00000001   Data   RW         4869    .data               os_var.o
    0x20000054   COMPRESSED   0x00000001   Data   RW         4870    .data               os_var.o
    0x20000055   COMPRESSED   0x00000003   PAD
    0x20000058   COMPRESSED   0x00000004   Data   RW         4871    .data               os_var.o
    0x2000005c   COMPRESSED   0x00000002   Data   RW         4872    .data               os_var.o
    0x2000005e   COMPRESSED   0x00000002   PAD
    0x20000060   COMPRESSED   0x00000004   Data   RW         4873    .data               os_var.o
    0x20000064   COMPRESSED   0x00000004   Data   RW         4874    .data               os_var.o
    0x20000068   COMPRESSED   0x00000004   Data   RW         4875    .data               os_var.o
    0x2000006c   COMPRESSED   0x00000001   Data   RW         4876    .data               os_var.o
    0x2000006d   COMPRESSED   0x00000003   PAD
    0x20000070   COMPRESSED   0x00000004   Data   RW         4877    .data               os_var.o
    0x20000074   COMPRESSED   0x00000002   Data   RW         4878    .data               os_var.o
    0x20000076   COMPRESSED   0x00000001   Data   RW         4879    .data               os_var.o
    0x20000077   COMPRESSED   0x00000001   PAD
    0x20000078   COMPRESSED   0x00000002   Data   RW         4880    .data               os_var.o
    0x2000007a   COMPRESSED   0x00000002   Data   RW         4881    .data               os_var.o
    0x2000007c   COMPRESSED   0x00000004   Data   RW         4882    .data               os_var.o
    0x20000080   COMPRESSED   0x00000004   Data   RW         4883    .data               os_var.o
    0x20000084   COMPRESSED   0x00000004   Data   RW         4884    .data               os_var.o
    0x20000088   COMPRESSED   0x00000001   Data   RW         4885    .data               os_var.o
    0x20000089   COMPRESSED   0x00000003   PAD
    0x2000008c   COMPRESSED   0x00000004   Data   RW         4886    .data               os_var.o
    0x20000090   COMPRESSED   0x00000004   Data   RW         4887    .data               os_var.o
    0x20000094   COMPRESSED   0x00000004   Data   RW         4888    .data               os_var.o
    0x20000098   COMPRESSED   0x00000002   Data   RW         4889    .data               os_var.o
    0x2000009a   COMPRESSED   0x00000001   Data   RW         4890    .data               os_var.o
    0x2000009b   COMPRESSED   0x00000001   PAD
    0x2000009c   COMPRESSED   0x00000004   Data   RW         4891    .data               os_var.o
    0x200000a0   COMPRESSED   0x00000004   Data   RW         4892    .data               os_var.o
    0x200000a4   COMPRESSED   0x00000008   Data   RW         4893    .data               os_var.o
    0x200000ac   COMPRESSED   0x00000008   Data   RW         4894    .data               os_var.o
    0x200000b4   COMPRESSED   0x00000004   Data   RW         4895    .data               os_var.o
    0x200000b8   COMPRESSED   0x00000002   Data   RW         4896    .data               os_var.o
    0x200000ba   COMPRESSED   0x00000002   PAD
    0x200000bc   COMPRESSED   0x00000004   Data   RW         4897    .data               os_var.o
    0x200000c0   COMPRESSED   0x00000004   Data   RW         4899    .data               os_var.o
    0x200000c4   COMPRESSED   0x00000004   Data   RW         4900    .data               os_var.o
    0x200000c8   COMPRESSED   0x00000004   Data   RW         4901    .data               os_var.o
    0x200000cc   COMPRESSED   0x00000004   Data   RW         4902    .data               os_var.o
    0x200000d0   COMPRESSED   0x00000004   Data   RW         4903    .data               os_var.o
    0x200000d4   COMPRESSED   0x00000004   Data   RW         4904    .data               os_var.o
    0x200000d8   COMPRESSED   0x00000004   Data   RW         4931    .data               os_cpu_c.o
    0x200000dc   COMPRESSED   0x0000006c   Data   RW         5140    .data               jy901.o
    0x20000148   COMPRESSED   0x00000001   Data   RW         5141    .data               jy901.o
    0x20000149   COMPRESSED   0x00000001   Data   RW         5268    .data               pid.o
    0x2000014a   COMPRESSED   0x00000002   PAD
    0x2000014c   COMPRESSED   0x00000074   Data   RW         5269    .data               pid.o
    0x200001c0   COMPRESSED   0x00000014   Data   RW         5449    .data               rasp_command.o
    0x200001d4   COMPRESSED   0x00000001   Data   RW         5450    .data               rasp_command.o
    0x200001d5   COMPRESSED   0x00000003   PAD
    0x200001d8        -       0x00003588   Zero   RW           24    .bss                main.o
    0x20003760        -       0x000000d8   Zero   RW          377    .bss                tim.o
    0x20003838        -       0x00000208   Zero   RW          435    .bss                usart.o
    0x20003a40        -       0x00000200   Zero   RW         3765    .bss                os_cfg_app.o
    0x20003c40        -       0x00000200   Zero   RW         3766    .bss                os_cfg_app.o
    0x20003e40        -       0x00000640   Zero   RW         3767    .bss                os_cfg_app.o
    0x20004480        -       0x00000200   Zero   RW         3768    .bss                os_cfg_app.o
    0x20004680        -       0x00000200   Zero   RW         3769    .bss                os_cfg_app.o
    0x20004880        -       0x00000200   Zero   RW         3770    .bss                os_cfg_app.o
    0x20004a80        -       0x000000b8   Zero   RW         4845    .bss                os_var.o
    0x20004b38        -       0x0000000c   Zero   RW         4846    .bss                os_var.o
    0x20004b44        -       0x00000300   Zero   RW         4847    .bss                os_var.o
    0x20004e44        -       0x000000b8   Zero   RW         4848    .bss                os_var.o
    0x20004efc        -       0x000000b8   Zero   RW         4849    .bss                os_var.o
    0x20004fb4        -       0x0000002c   Zero   RW         4850    .bss                os_var.o
    0x20004fe0        -       0x000000b8   Zero   RW         4851    .bss                os_var.o
    0x20005098        -       0x00000168   Zero   RW         5075    .bss                attitude_pid.o
    0x20005200        -       0x000001ec   Zero   RW         5137    .bss                jy901.o
    0x200053ec        -       0x00000074   Zero   RW         5267    .bss                pid.o
    0x20005460        -       0x000000fa   Zero   RW         5448    .bss                rasp_command.o
    0x2000555a   COMPRESSED   0x00000002   PAD
    0x2000555c        -       0x00000024   Zero   RW         5485    .bss                stabilizer.o
    0x20005580        -       0x0000003c   Zero   RW         5486    .bss                stabilizer.o
    0x200055bc        -       0x00000044   Zero   RW         5487    .bss                stabilizer.o
    0x20005600        -       0x00000060   Zero   RW         5735    .bss                c_w.l(libspace.o)
    0x20005660        -       0x00000200   Zero   RW            2    HEAP                startup_stm32f405xx.o
    0x20005860        -       0x00000400   Zero   RW            1    STACK               startup_stm32f405xx.o


    Execution Region RW_IRAM2 (Exec base: 0x2001c000, Load base: 0x08006d10, Size: 0x00000000, Max: 0x00004000, ABSOLUTE)

    **** No section assigned to this execution region ****


==============================================================================

Image component sizes


      Code (inc. data)   RO Data    RW Data    ZI Data      Debug   Object Name

       700         76          0          0        360       6600   attitude_pid.o
        44         12          0          0          0       2262   bsp.o
        52          0          0          0          0        360   cpu_a.o
       108          4          0          0          0        890   dma.o
        76          6          0          0          0        923   gpio.o
       828         46          0        109        492       6106   jy901.o
      1340        254          0          0      13704     678451   main.o
       360         34          0          0          0       1384   motortest.o
         2          0         81          0       4160      19359   os_cfg_app.o
      2102        350          0          0          0      37744   os_core.o
       196         32          0          0          0        440   os_cpu_a.o
       752        170          0          4          0       8833   os_cpu_c.o
         2          0          0          0          0        978   os_dbg.o
        24         10          0          0          0       1144   os_flag.o
        24         10          0          0          0        941   os_mem.o
       170         16          0          0          0       2520   os_msg.o
       876         76          0          0          0       5102   os_mutex.o
       124         16          0          8          0       3122   os_prio.o
        24         10          0          0          0       1005   os_q.o
        24         10          0          0          0       1009   os_sem.o
      1028        196          0          0          0       4195   os_stat.o
      1922        174          0          0          0      13701   os_task.o
       848        100          0          0          0       7050   os_tick.o
       196         30          0          0          0       1869   os_time.o
       538        144          0          0          0       4427   os_tmr.o
         0          0          0        171       1560      17912   os_var.o
       294         14          0        117        116       5230   pid.o
       516         48          0          0          0       4052   pwm_control.o
       268         16          0         21        250       3122   rasp_command.o
         0          0          0          0        164       1761   stabilizer.o
       104         34        392          0       1536        900   startup_stm32f405xx.o
       128         20          0         12          0       8487   stm32f4xx_hal.o
       198         14          0          0          0      34183   stm32f4xx_hal_cortex.o
      1084         16          8          0          0       7698   stm32f4xx_hal_dma.o
       496         46          0          0          0       1612   stm32f4xx_hal_gpio.o
        48          6          0          0          0        906   stm32f4xx_hal_msp.o
      1360         82          0          0          0       5992   stm32f4xx_hal_rcc.o
      1526        108          0          0          0      13680   stm32f4xx_hal_tim.o
       228         28          0          0          0       2280   stm32f4xx_hal_tim_ex.o
      2022         30          0          0          0      15432   stm32f4xx_hal_uart.o
        86         36          0          0          0       6486   stm32f4xx_it.o
        20          0          0          0          0       1116   stmflash.o
        16          4         24          4          0       1223   system_stm32f4xx.o
       916         54          0          0        216       4430   tim.o
       584         56          0          0        520       2979   usart.o

    ----------------------------------------------------------------------
     22300       2388        548        472      23080     949896   Object Totals
         0          0         32          0          0          0   (incl. Generated)
        46          0         11         26          2          0   (incl. Padding)

    ----------------------------------------------------------------------

      Code (inc. data)   RO Data    RW Data    ZI Data      Debug   Library Member Name

        44          6          0          0          0         84   __2sprintf.o
        90          0          0          0          0          0   __dczerorl2.o
         8          0          0          0          0         68   __main.o
       104          0          0          0          0         84   __printf.o
         0          0          0          0          0          0   __rtentry.o
        12          0          0          0          0          0   __rtentry2.o
         6          0          0          0          0          0   __rtentry4.o
        52          8          0          0          0          0   __scatter.o
        28          0          0          0          0          0   __scatter_zi.o
        48          6          0          0          0         96   _printf_char_common.o
         6          0          0          0          0          0   _printf_f.o
      1054          0          0          0          0        216   _printf_fp_dec.o
       128         16          0          0          0         84   _printf_fp_infnan.o
         0          0          0          0          0          0   _printf_percent.o
         4          0          0          0          0          0   _printf_percent_end.o
        10          0          0          0          0         68   _sputc.o
       228          4        148          0          0         96   bigflt0.o
      1936        128          0          0          0        672   btod.o
        18          0          0          0          0         80   exit.o
         6          0          0          0          0        152   heapauxi.o
         0          0          0          0          0          0   indicate_semi.o
        44         10         28          0          0         76   lc_numeric_c.o
         2          0          0          0          0          0   libinit.o
        22          0          0          0          0          0   libinit2.o
         2          0          0          0          0          0   libshutdown.o
         2          0          0          0          0          0   libshutdown2.o
         8          4          0          0         96         68   libspace.o
       138          0          0          0          0         80   lludiv10.o
       238          0          0          0          0        100   lludivv7m.o
         8          4          0          0          0         68   rt_locale_intlibspace.o
        78          0          0          0          0         80   rt_memclr_w.o
         2          0          0          0          0          0   rtexit.o
        10          0          0          0          0          0   rtexit2.o
       128          0          0          0          0         68   strcmpv7m.o
        12          4          0          0          0         68   sys_exit.o
        74          0          0          0          0         80   sys_stackheap_outer.o
         2          0          0          0          0         68   use_no_semi.o
        12          0          0          0          0        116   dretinf.o
        86          4          0          0          0        132   f2d.o
       140          4          0          0          0        132   fnaninf.o
        10          0          0          0          0        116   fpinit.o
         4          0          0          0          0        116   printf1.o
         0          0          0          0          0          0   usenofp.o
        48          0          0          0          0        124   fpclassify.o

    ----------------------------------------------------------------------
      4864        198        176          0         96       3192   Library Totals
        12          0          0          0          0          0   (incl. Padding)

    ----------------------------------------------------------------------

      Code (inc. data)   RO Data    RW Data    ZI Data      Debug   Library Name

      4552        190        176          0         96       2456   c_w.l
       252          8          0          0          0        612   fz_wm.l
        48          0          0          0          0        124   m_wm.l

    ----------------------------------------------------------------------
      4864        198        176          0         96       3192   Library Totals

    ----------------------------------------------------------------------

==============================================================================


      Code (inc. data)   RO Data    RW Data    ZI Data      Debug   

     27164       2586        724        472      23176     931888   Grand Totals
     27164       2586        724         32      23176     931888   ELF Image Totals (compressed)
     27164       2586        724         32          0          0   ROM Totals

==============================================================================

    Total RO  Size (Code + RO Data)                27888 (  27.23kB)
    Total RW  Size (RW Data + ZI Data)             23648 (  23.09kB)
    Total ROM Size (Code + RO Data + RW Data)      27920 (  27.27kB)

==============================================================================

